[2020-12-12T13:12:52.657+0000][gc,heap] Heap region size: 1M
[2020-12-12T13:12:52.678+0000][gc     ] Using G1
[2020-12-12T13:12:52.678+0000][gc,heap,coops] Heap address: 0x00000000c0000000, size: 1024 MB, Compressed Oops mode: 32-bit
[2020-12-12T13:12:52.678+0000][gc,cds       ] Mark closed archive regions in map: [0x00000000fff00000, 0x00000000fff69ff8]
[2020-12-12T13:12:52.678+0000][gc,cds       ] Mark open archive regions in map: [0x00000000ffe00000, 0x00000000ffe46ff8]
[2020-12-12T13:12:53.552+0000][gc,start     ] GC(0) Pause Young (Normal) (G1 Evacuation Pause)
[2020-12-12T13:12:53.553+0000][gc,task      ] GC(0) Using 10 workers of 10 for evacuation
[2020-12-12T13:12:53.559+0000][gc,phases    ] GC(0)   Pre Evacuate Collection Set: 0.0ms
[2020-12-12T13:12:53.559+0000][gc,phases    ] GC(0)   Evacuate Collection Set: 5.2ms
[2020-12-12T13:12:53.559+0000][gc,phases    ] GC(0)   Post Evacuate Collection Set: 0.5ms
[2020-12-12T13:12:53.559+0000][gc,phases    ] GC(0)   Other: 1.0ms
[2020-12-12T13:12:53.559+0000][gc,heap      ] GC(0) Eden regions: 51->0(44)
[2020-12-12T13:12:53.559+0000][gc,heap      ] GC(0) Survivor regions: 0->7(7)
[2020-12-12T13:12:53.559+0000][gc,heap      ] GC(0) Old regions: 2->2
[2020-12-12T13:12:53.559+0000][gc,heap      ] GC(0) Humongous regions: 0->0
[2020-12-12T13:12:53.559+0000][gc,metaspace ] GC(0) Metaspace: 16153K->16153K(1062912K)
[2020-12-12T13:12:53.559+0000][gc           ] GC(0) Pause Young (Normal) (G1 Evacuation Pause) 51M->6M(1024M) 6.729ms
[2020-12-12T13:12:53.559+0000][gc,cpu       ] GC(0) User=0.05s Sys=0.00s Real=0.00s
[2020-12-12T13:12:53.736+0000][gc,start     ] GC(1) Pause Young (Concurrent Start) (Metadata GC Threshold)
[2020-12-12T13:12:53.736+0000][gc,task      ] GC(1) Using 10 workers of 10 for evacuation
[2020-12-12T13:12:53.742+0000][gc,phases    ] GC(1)   Pre Evacuate Collection Set: 0.0ms
[2020-12-12T13:12:53.742+0000][gc,phases    ] GC(1)   Evacuate Collection Set: 5.5ms
[2020-12-12T13:12:53.742+0000][gc,phases    ] GC(1)   Post Evacuate Collection Set: 0.4ms
[2020-12-12T13:12:53.742+0000][gc,phases    ] GC(1)   Other: 0.2ms
[2020-12-12T13:12:53.742+0000][gc,heap      ] GC(1) Eden regions: 19->0(50)
[2020-12-12T13:12:53.742+0000][gc,heap      ] GC(1) Survivor regions: 7->1(7)
[2020-12-12T13:12:53.742+0000][gc,heap      ] GC(1) Old regions: 2->9
[2020-12-12T13:12:53.742+0000][gc,heap      ] GC(1) Humongous regions: 0->0
[2020-12-12T13:12:53.742+0000][gc,metaspace ] GC(1) Metaspace: 20587K->20587K(1067008K)
[2020-12-12T13:12:53.742+0000][gc           ] GC(1) Pause Young (Concurrent Start) (Metadata GC Threshold) 25M->7M(1024M) 6.143ms
[2020-12-12T13:12:53.742+0000][gc,cpu       ] GC(1) User=0.03s Sys=0.00s Real=0.01s
[2020-12-12T13:12:53.742+0000][gc           ] GC(2) Concurrent Cycle
[2020-12-12T13:12:53.742+0000][gc,marking   ] GC(2) Concurrent Clear Claimed Marks
[2020-12-12T13:12:53.742+0000][gc,marking   ] GC(2) Concurrent Clear Claimed Marks 0.021ms
[2020-12-12T13:12:53.742+0000][gc,marking   ] GC(2) Concurrent Scan Root Regions
[2020-12-12T13:12:53.743+0000][gc,marking   ] GC(2) Concurrent Scan Root Regions 0.651ms
[2020-12-12T13:12:53.743+0000][gc,marking   ] GC(2) Concurrent Mark (1.093s)
[2020-12-12T13:12:53.743+0000][gc,marking   ] GC(2) Concurrent Mark From Roots
[2020-12-12T13:12:53.743+0000][gc,task      ] GC(2) Using 3 workers of 3 for marking
[2020-12-12T13:12:53.746+0000][gc,marking   ] GC(2) Concurrent Mark From Roots 3.501ms
[2020-12-12T13:12:53.746+0000][gc,marking   ] GC(2) Concurrent Preclean
[2020-12-12T13:12:53.747+0000][gc,marking   ] GC(2) Concurrent Preclean 0.129ms
[2020-12-12T13:12:53.747+0000][gc,marking   ] GC(2) Concurrent Mark (1.093s, 1.097s) 3.661ms
[2020-12-12T13:12:53.747+0000][gc,start     ] GC(2) Pause Remark
[2020-12-12T13:12:53.748+0000][gc,stringtable] GC(2) Cleaned string and symbol table, strings: 4903 processed, 0 removed, symbols: 50747 processed, 53 removed
[2020-12-12T13:12:53.748+0000][gc            ] GC(2) Pause Remark 8M->8M(1024M) 1.107ms
[2020-12-12T13:12:53.748+0000][gc,cpu        ] GC(2) User=0.01s Sys=0.00s Real=0.00s
[2020-12-12T13:12:53.748+0000][gc,marking    ] GC(2) Concurrent Rebuild Remembered Sets
[2020-12-12T13:12:53.750+0000][gc,marking    ] GC(2) Concurrent Rebuild Remembered Sets 2.017ms
[2020-12-12T13:12:53.750+0000][gc,start      ] GC(2) Pause Cleanup
[2020-12-12T13:12:53.750+0000][gc            ] GC(2) Pause Cleanup 8M->8M(1024M) 0.164ms
[2020-12-12T13:12:53.750+0000][gc,cpu        ] GC(2) User=0.00s Sys=0.00s Real=0.00s
[2020-12-12T13:12:53.750+0000][gc,marking    ] GC(2) Concurrent Cleanup for Next Mark
[2020-12-12T13:12:53.752+0000][gc,marking    ] GC(2) Concurrent Cleanup for Next Mark 2.138ms
[2020-12-12T13:12:53.752+0000][gc            ] GC(2) Concurrent Cycle 10.197ms
[2020-12-12T13:12:55.816+0000][gc,start      ] GC(3) Pause Young (Normal) (G1 Evacuation Pause)
[2020-12-12T13:12:55.816+0000][gc,task       ] GC(3) Using 10 workers of 10 for evacuation
[2020-12-12T13:12:55.819+0000][gc,phases     ] GC(3)   Pre Evacuate Collection Set: 0.0ms
[2020-12-12T13:12:55.819+0000][gc,phases     ] GC(3)   Evacuate Collection Set: 3.0ms
[2020-12-12T13:12:55.819+0000][gc,phases     ] GC(3)   Post Evacuate Collection Set: 0.6ms
[2020-12-12T13:12:55.819+0000][gc,phases     ] GC(3)   Other: 0.2ms
[2020-12-12T13:12:55.819+0000][gc,heap       ] GC(3) Eden regions: 50->0(46)
[2020-12-12T13:12:55.819+0000][gc,heap       ] GC(3) Survivor regions: 1->5(7)
[2020-12-12T13:12:55.819+0000][gc,heap       ] GC(3) Old regions: 9->9
[2020-12-12T13:12:55.819+0000][gc,heap       ] GC(3) Humongous regions: 129->129
[2020-12-12T13:12:55.820+0000][gc,metaspace  ] GC(3) Metaspace: 28826K->28826K(1075200K)
[2020-12-12T13:12:55.820+0000][gc            ] GC(3) Pause Young (Normal) (G1 Evacuation Pause) 186M->140M(1024M) 3.921ms
[2020-12-12T13:12:55.820+0000][gc,cpu        ] GC(3) User=0.03s Sys=0.00s Real=0.00s
[2020-12-12T13:12:56.079+0000][gc,start      ] GC(4) Pause Young (Concurrent Start) (Metadata GC Threshold)
[2020-12-12T13:12:56.079+0000][gc,task       ] GC(4) Using 10 workers of 10 for evacuation
[2020-12-12T13:12:56.084+0000][gc,phases     ] GC(4)   Pre Evacuate Collection Set: 0.1ms
[2020-12-12T13:12:56.084+0000][gc,phases     ] GC(4)   Evacuate Collection Set: 4.4ms
[2020-12-12T13:12:56.084+0000][gc,phases     ] GC(4)   Post Evacuate Collection Set: 0.5ms
[2020-12-12T13:12:56.084+0000][gc,phases     ] GC(4)   Other: 0.2ms
[2020-12-12T13:12:56.084+0000][gc,heap       ] GC(4) Eden regions: 25->0(45)
[2020-12-12T13:12:56.084+0000][gc,heap       ] GC(4) Survivor regions: 5->6(7)
[2020-12-12T13:12:56.084+0000][gc,heap       ] GC(4) Old regions: 9->9
[2020-12-12T13:12:56.084+0000][gc,heap       ] GC(4) Humongous regions: 129->129
[2020-12-12T13:12:56.084+0000][gc,metaspace  ] GC(4) Metaspace: 34461K->34461K(1081344K)
[2020-12-12T13:12:56.084+0000][gc            ] GC(4) Pause Young (Concurrent Start) (Metadata GC Threshold) 165M->141M(1024M) 5.275ms
[2020-12-12T13:12:56.084+0000][gc,cpu        ] GC(4) User=0.04s Sys=0.00s Real=0.01s
[2020-12-12T13:12:56.084+0000][gc            ] GC(5) Concurrent Cycle
[2020-12-12T13:12:56.084+0000][gc,marking    ] GC(5) Concurrent Clear Claimed Marks
[2020-12-12T13:12:56.084+0000][gc,marking    ] GC(5) Concurrent Clear Claimed Marks 0.061ms
[2020-12-12T13:12:56.084+0000][gc,marking    ] GC(5) Concurrent Scan Root Regions
[2020-12-12T13:12:56.086+0000][gc,marking    ] GC(5) Concurrent Scan Root Regions 1.759ms
[2020-12-12T13:12:56.086+0000][gc,marking    ] GC(5) Concurrent Mark (3.436s)
[2020-12-12T13:12:56.086+0000][gc,marking    ] GC(5) Concurrent Mark From Roots
[2020-12-12T13:12:56.086+0000][gc,task       ] GC(5) Using 3 workers of 3 for marking
[2020-12-12T13:12:56.093+0000][gc,marking    ] GC(5) Concurrent Mark From Roots 6.858ms
[2020-12-12T13:12:56.093+0000][gc,marking    ] GC(5) Concurrent Preclean
[2020-12-12T13:12:56.093+0000][gc,marking    ] GC(5) Concurrent Preclean 0.221ms
[2020-12-12T13:12:56.093+0000][gc,marking    ] GC(5) Concurrent Mark (3.436s, 3.443s) 7.126ms
[2020-12-12T13:12:56.093+0000][gc,start      ] GC(5) Pause Remark
[2020-12-12T13:12:56.095+0000][gc,stringtable] GC(5) Cleaned string and symbol table, strings: 10738 processed, 11 removed, symbols: 80561 processed, 22 removed
[2020-12-12T13:12:56.095+0000][gc            ] GC(5) Pause Remark 143M->143M(1024M) 2.342ms
[2020-12-12T13:12:56.095+0000][gc,cpu        ] GC(5) User=0.01s Sys=0.00s Real=0.00s
[2020-12-12T13:12:56.095+0000][gc,marking    ] GC(5) Concurrent Rebuild Remembered Sets
[2020-12-12T13:12:56.099+0000][gc,marking    ] GC(5) Concurrent Rebuild Remembered Sets 3.585ms
[2020-12-12T13:12:56.099+0000][gc,start      ] GC(5) Pause Cleanup
[2020-12-12T13:12:56.099+0000][gc            ] GC(5) Pause Cleanup 143M->143M(1024M) 0.255ms
[2020-12-12T13:12:56.100+0000][gc,cpu        ] GC(5) User=0.00s Sys=0.00s Real=0.00s
[2020-12-12T13:12:56.100+0000][gc,marking    ] GC(5) Concurrent Cleanup for Next Mark
[2020-12-12T13:12:56.103+0000][gc,marking    ] GC(5) Concurrent Cleanup for Next Mark 3.122ms
[2020-12-12T13:12:56.103+0000][gc            ] GC(5) Concurrent Cycle 18.822ms
[2020-12-12T13:17:31.019+0000][gc,start      ] GC(6) Pause Young (Normal) (G1 Evacuation Pause)
[2020-12-12T13:17:31.019+0000][gc,task       ] GC(6) Using 10 workers of 10 for evacuation
[2020-12-12T13:17:31.023+0000][gc,phases     ] GC(6)   Pre Evacuate Collection Set: 0.0ms
[2020-12-12T13:17:31.023+0000][gc,phases     ] GC(6)   Evacuate Collection Set: 2.9ms
[2020-12-12T13:17:31.023+0000][gc,phases     ] GC(6)   Post Evacuate Collection Set: 0.7ms
[2020-12-12T13:17:31.023+0000][gc,phases     ] GC(6)   Other: 0.1ms
[2020-12-12T13:17:31.023+0000][gc,heap       ] GC(6) Eden regions: 45->0(46)
[2020-12-12T13:17:31.023+0000][gc,heap       ] GC(6) Survivor regions: 6->5(7)
[2020-12-12T13:17:31.023+0000][gc,heap       ] GC(6) Old regions: 9->13
[2020-12-12T13:17:31.023+0000][gc,heap       ] GC(6) Humongous regions: 135->129
[2020-12-12T13:17:31.023+0000][gc,metaspace  ] GC(6) Metaspace: 40581K->40581K(1085440K)
[2020-12-12T13:17:31.023+0000][gc            ] GC(6) Pause Young (Normal) (G1 Evacuation Pause) 192M->144M(1024M) 3.809ms
[2020-12-12T13:17:31.023+0000][gc,cpu        ] GC(6) User=0.03s Sys=0.00s Real=0.01s
[2020-12-12T13:17:31.052+0000][gc,heap,exit  ] Heap
[2020-12-12T13:17:31.052+0000][gc,heap,exit  ]  garbage-first heap   total 1048576K, used 152123K [0x00000000c0000000, 0x0000000100000000)
[2020-12-12T13:17:31.052+0000][gc,heap,exit  ]   region size 1024K, 10 young (10240K), 5 survivors (5120K)
[2020-12-12T13:17:31.052+0000][gc,heap,exit  ]  Metaspace       used 40841K, capacity 43074K, committed 43132K, reserved 1085440K
[2020-12-12T13:17:31.052+0000][gc,heap,exit  ]   class space    used 5408K, capacity 6496K, committed 6524K, reserved 1048576K
