[2020-12-12T12:43:03.496+0000][gc,heap] Heap region size: 1M
[2020-12-12T12:43:03.503+0000][gc     ] Using G1
[2020-12-12T12:43:03.503+0000][gc,heap,coops] Heap address: 0x00000000c0000000, size: 1024 MB, Compressed Oops mode: 32-bit
[2020-12-12T12:43:03.504+0000][gc,cds       ] Mark closed archive regions in map: [0x00000000fff00000, 0x00000000fff69ff8]
[2020-12-12T12:43:03.504+0000][gc,cds       ] Mark open archive regions in map: [0x00000000ffe00000, 0x00000000ffe46ff8]
[2020-12-12T12:43:04.417+0000][gc,start     ] GC(0) Pause Young (Normal) (G1 Evacuation Pause)
[2020-12-12T12:43:04.418+0000][gc,task      ] GC(0) Using 10 workers of 10 for evacuation
[2020-12-12T12:43:04.425+0000][gc,phases    ] GC(0)   Pre Evacuate Collection Set: 0.0ms
[2020-12-12T12:43:04.425+0000][gc,phases    ] GC(0)   Evacuate Collection Set: 6.2ms
[2020-12-12T12:43:04.425+0000][gc,phases    ] GC(0)   Post Evacuate Collection Set: 0.6ms
[2020-12-12T12:43:04.425+0000][gc,phases    ] GC(0)   Other: 1.1ms
[2020-12-12T12:43:04.425+0000][gc,heap      ] GC(0) Eden regions: 51->0(44)
[2020-12-12T12:43:04.425+0000][gc,heap      ] GC(0) Survivor regions: 0->7(7)
[2020-12-12T12:43:04.425+0000][gc,heap      ] GC(0) Old regions: 2->2
[2020-12-12T12:43:04.425+0000][gc,heap      ] GC(0) Humongous regions: 0->0
[2020-12-12T12:43:04.425+0000][gc,metaspace ] GC(0) Metaspace: 16183K->16183K(1062912K)
[2020-12-12T12:43:04.425+0000][gc           ] GC(0) Pause Young (Normal) (G1 Evacuation Pause) 51M->7M(1024M) 7.962ms
[2020-12-12T12:43:04.425+0000][gc,cpu       ] GC(0) User=0.06s Sys=0.00s Real=0.01s
[2020-12-12T12:43:04.601+0000][gc,start     ] GC(1) Pause Young (Concurrent Start) (Metadata GC Threshold)
[2020-12-12T12:43:04.601+0000][gc,task      ] GC(1) Using 10 workers of 10 for evacuation
[2020-12-12T12:43:04.608+0000][gc,phases    ] GC(1)   Pre Evacuate Collection Set: 0.0ms
[2020-12-12T12:43:04.608+0000][gc,phases    ] GC(1)   Evacuate Collection Set: 5.5ms
[2020-12-12T12:43:04.608+0000][gc,phases    ] GC(1)   Post Evacuate Collection Set: 0.4ms
[2020-12-12T12:43:04.608+0000][gc,phases    ] GC(1)   Other: 0.2ms
[2020-12-12T12:43:04.608+0000][gc,heap      ] GC(1) Eden regions: 18->0(49)
[2020-12-12T12:43:04.608+0000][gc,heap      ] GC(1) Survivor regions: 7->2(7)
[2020-12-12T12:43:04.608+0000][gc,heap      ] GC(1) Old regions: 2->9
[2020-12-12T12:43:04.608+0000][gc,heap      ] GC(1) Humongous regions: 0->0
[2020-12-12T12:43:04.608+0000][gc,metaspace ] GC(1) Metaspace: 20592K->20592K(1067008K)
[2020-12-12T12:43:04.608+0000][gc           ] GC(1) Pause Young (Concurrent Start) (Metadata GC Threshold) 24M->7M(1024M) 6.203ms
[2020-12-12T12:43:04.608+0000][gc,cpu       ] GC(1) User=0.04s Sys=0.00s Real=0.00s
[2020-12-12T12:43:04.608+0000][gc           ] GC(2) Concurrent Cycle
[2020-12-12T12:43:04.608+0000][gc,marking   ] GC(2) Concurrent Clear Claimed Marks
[2020-12-12T12:43:04.608+0000][gc,marking   ] GC(2) Concurrent Clear Claimed Marks 0.021ms
[2020-12-12T12:43:04.608+0000][gc,marking   ] GC(2) Concurrent Scan Root Regions
[2020-12-12T12:43:04.609+0000][gc,marking   ] GC(2) Concurrent Scan Root Regions 0.744ms
[2020-12-12T12:43:04.609+0000][gc,marking   ] GC(2) Concurrent Mark (1.115s)
[2020-12-12T12:43:04.609+0000][gc,marking   ] GC(2) Concurrent Mark From Roots
[2020-12-12T12:43:04.609+0000][gc,task      ] GC(2) Using 3 workers of 3 for marking
[2020-12-12T12:43:04.612+0000][gc,marking   ] GC(2) Concurrent Mark From Roots 3.561ms
[2020-12-12T12:43:04.612+0000][gc,marking   ] GC(2) Concurrent Preclean
[2020-12-12T12:43:04.612+0000][gc,marking   ] GC(2) Concurrent Preclean 0.133ms
[2020-12-12T12:43:04.612+0000][gc,marking   ] GC(2) Concurrent Mark (1.115s, 1.119s) 3.741ms
[2020-12-12T12:43:04.613+0000][gc,start     ] GC(2) Pause Remark
[2020-12-12T12:43:04.614+0000][gc,stringtable] GC(2) Cleaned string and symbol table, strings: 4920 processed, 0 removed, symbols: 50960 processed, 52 removed
[2020-12-12T12:43:04.614+0000][gc            ] GC(2) Pause Remark 8M->8M(1024M) 1.347ms
[2020-12-12T12:43:04.614+0000][gc,cpu        ] GC(2) User=0.01s Sys=0.00s Real=0.00s
[2020-12-12T12:43:04.614+0000][gc,marking    ] GC(2) Concurrent Rebuild Remembered Sets
[2020-12-12T12:43:04.616+0000][gc,marking    ] GC(2) Concurrent Rebuild Remembered Sets 2.314ms
[2020-12-12T12:43:04.616+0000][gc,start      ] GC(2) Pause Cleanup
[2020-12-12T12:43:04.617+0000][gc            ] GC(2) Pause Cleanup 8M->8M(1024M) 0.264ms
[2020-12-12T12:43:04.617+0000][gc,cpu        ] GC(2) User=0.00s Sys=0.00s Real=0.00s
[2020-12-12T12:43:04.617+0000][gc,marking    ] GC(2) Concurrent Cleanup for Next Mark
[2020-12-12T12:43:04.619+0000][gc,marking    ] GC(2) Concurrent Cleanup for Next Mark 1.928ms
[2020-12-12T12:43:04.619+0000][gc            ] GC(2) Concurrent Cycle 11.036ms
[2020-12-12T12:43:05.186+0000][gc,start      ] GC(3) Pause Young (Normal) (G1 Evacuation Pause)
[2020-12-12T12:43:05.186+0000][gc,task       ] GC(3) Using 10 workers of 10 for evacuation
[2020-12-12T12:43:05.188+0000][gc,phases     ] GC(3)   Pre Evacuate Collection Set: 0.0ms
[2020-12-12T12:43:05.188+0000][gc,phases     ] GC(3)   Evacuate Collection Set: 2.0ms
[2020-12-12T12:43:05.188+0000][gc,phases     ] GC(3)   Post Evacuate Collection Set: 0.4ms
[2020-12-12T12:43:05.188+0000][gc,phases     ] GC(3)   Other: 0.2ms
[2020-12-12T12:43:05.188+0000][gc,heap       ] GC(3) Eden regions: 49->0(46)
[2020-12-12T12:43:05.188+0000][gc,heap       ] GC(3) Survivor regions: 2->5(7)
[2020-12-12T12:43:05.188+0000][gc,heap       ] GC(3) Old regions: 9->9
[2020-12-12T12:43:05.188+0000][gc,heap       ] GC(3) Humongous regions: 129->129
[2020-12-12T12:43:05.188+0000][gc,metaspace  ] GC(3) Metaspace: 29210K->29210K(1075200K)
[2020-12-12T12:43:05.188+0000][gc            ] GC(3) Pause Young (Normal) (G1 Evacuation Pause) 185M->140M(1024M) 2.727ms
[2020-12-12T12:43:05.188+0000][gc,cpu        ] GC(3) User=0.03s Sys=0.00s Real=0.00s
[2020-12-12T12:43:05.345+0000][gc,start      ] GC(4) Pause Young (Concurrent Start) (GCLocker Initiated GC)
[2020-12-12T12:43:05.345+0000][gc,task       ] GC(4) Using 10 workers of 10 for evacuation
[2020-12-12T12:43:05.351+0000][gc,phases     ] GC(4)   Pre Evacuate Collection Set: 0.1ms
[2020-12-12T12:43:05.351+0000][gc,phases     ] GC(4)   Evacuate Collection Set: 4.8ms
[2020-12-12T12:43:05.351+0000][gc,phases     ] GC(4)   Post Evacuate Collection Set: 0.5ms
[2020-12-12T12:43:05.351+0000][gc,phases     ] GC(4)   Other: 0.2ms
[2020-12-12T12:43:05.351+0000][gc,heap       ] GC(4) Eden regions: 24->0(49)
[2020-12-12T12:43:05.351+0000][gc,heap       ] GC(4) Survivor regions: 5->2(7)
[2020-12-12T12:43:05.351+0000][gc,heap       ] GC(4) Old regions: 9->13
[2020-12-12T12:43:05.351+0000][gc,heap       ] GC(4) Humongous regions: 129->129
[2020-12-12T12:43:05.351+0000][gc,metaspace  ] GC(4) Metaspace: 34448K->34448K(1081344K)
[2020-12-12T12:43:05.351+0000][gc            ] GC(4) Pause Young (Concurrent Start) (GCLocker Initiated GC) 164M->141M(1024M) 5.685ms
[2020-12-12T12:43:05.351+0000][gc,cpu        ] GC(4) User=0.03s Sys=0.01s Real=0.00s
[2020-12-12T12:43:05.351+0000][gc            ] GC(5) Concurrent Cycle
[2020-12-12T12:43:05.351+0000][gc,marking    ] GC(5) Concurrent Clear Claimed Marks
[2020-12-12T12:43:05.351+0000][gc,marking    ] GC(5) Concurrent Clear Claimed Marks 0.079ms
[2020-12-12T12:43:05.351+0000][gc,marking    ] GC(5) Concurrent Scan Root Regions
[2020-12-12T12:43:05.352+0000][gc,marking    ] GC(5) Concurrent Scan Root Regions 0.892ms
[2020-12-12T12:43:05.352+0000][gc,marking    ] GC(5) Concurrent Mark (1.859s)
[2020-12-12T12:43:05.352+0000][gc,marking    ] GC(5) Concurrent Mark From Roots
[2020-12-12T12:43:05.352+0000][gc,task       ] GC(5) Using 3 workers of 3 for marking
[2020-12-12T12:43:05.364+0000][gc,marking    ] GC(5) Concurrent Mark From Roots 11.447ms
[2020-12-12T12:43:05.364+0000][gc,marking    ] GC(5) Concurrent Preclean
[2020-12-12T12:43:05.364+0000][gc,marking    ] GC(5) Concurrent Preclean 0.250ms
[2020-12-12T12:43:05.364+0000][gc,marking    ] GC(5) Concurrent Mark (1.859s, 1.871s) 11.749ms
[2020-12-12T12:43:05.364+0000][gc,start      ] GC(5) Pause Remark
[2020-12-12T12:43:05.367+0000][gc,stringtable] GC(5) Cleaned string and symbol table, strings: 10568 processed, 10 removed, symbols: 80769 processed, 22 removed
[2020-12-12T12:43:05.367+0000][gc            ] GC(5) Pause Remark 143M->143M(1024M) 2.772ms
[2020-12-12T12:43:05.367+0000][gc,cpu        ] GC(5) User=0.02s Sys=0.00s Real=0.00s
[2020-12-12T12:43:05.367+0000][gc,marking    ] GC(5) Concurrent Rebuild Remembered Sets
[2020-12-12T12:43:05.373+0000][gc,marking    ] GC(5) Concurrent Rebuild Remembered Sets 6.361ms
[2020-12-12T12:43:05.373+0000][gc,start      ] GC(5) Pause Cleanup
[2020-12-12T12:43:05.374+0000][gc            ] GC(5) Pause Cleanup 143M->143M(1024M) 0.259ms
[2020-12-12T12:43:05.374+0000][gc,cpu        ] GC(5) User=0.00s Sys=0.00s Real=0.00s
[2020-12-12T12:43:05.374+0000][gc,marking    ] GC(5) Concurrent Cleanup for Next Mark
[2020-12-12T12:43:05.377+0000][gc,marking    ] GC(5) Concurrent Cleanup for Next Mark 3.233ms
[2020-12-12T12:43:05.377+0000][gc            ] GC(5) Concurrent Cycle 25.736ms
[2020-12-12T12:49:45.670+0000][gc,start      ] GC(6) Pause Young (Normal) (G1 Evacuation Pause)
[2020-12-12T12:49:45.670+0000][gc,task       ] GC(6) Using 10 workers of 10 for evacuation
[2020-12-12T12:49:45.677+0000][gc,phases     ] GC(6)   Pre Evacuate Collection Set: 0.1ms
[2020-12-12T12:49:45.677+0000][gc,phases     ] GC(6)   Evacuate Collection Set: 5.4ms
[2020-12-12T12:49:45.677+0000][gc,phases     ] GC(6)   Post Evacuate Collection Set: 0.6ms
[2020-12-12T12:49:45.677+0000][gc,phases     ] GC(6)   Other: 0.4ms
[2020-12-12T12:49:45.677+0000][gc,heap       ] GC(6) Eden regions: 49->0(46)
[2020-12-12T12:49:45.677+0000][gc,heap       ] GC(6) Survivor regions: 2->5(7)
[2020-12-12T12:49:45.677+0000][gc,heap       ] GC(6) Old regions: 13->13
[2020-12-12T12:49:45.677+0000][gc,heap       ] GC(6) Humongous regions: 135->129
[2020-12-12T12:49:45.677+0000][gc,metaspace  ] GC(6) Metaspace: 40062K->40062K(1085440K)
[2020-12-12T12:49:45.677+0000][gc            ] GC(6) Pause Young (Normal) (G1 Evacuation Pause) 196M->144M(1024M) 6.485ms
[2020-12-12T12:49:45.677+0000][gc,cpu        ] GC(6) User=0.05s Sys=0.00s Real=0.01s
[2020-12-12T12:57:47.368+0000][gc,heap,exit  ] Heap
[2020-12-12T12:57:47.368+0000][gc,heap,exit  ]  garbage-first heap   total 1048576K, used 181903K [0x00000000c0000000, 0x0000000100000000)
[2020-12-12T12:57:47.368+0000][gc,heap,exit  ]   region size 1024K, 40 young (40960K), 5 survivors (5120K)
[2020-12-12T12:57:47.368+0000][gc,heap,exit  ]  Metaspace       used 40998K, capacity 43264K, committed 43392K, reserved 1085440K
[2020-12-12T12:57:47.368+0000][gc,heap,exit  ]   class space    used 5422K, capacity 6517K, committed 6528K, reserved 1048576K
