[2020-12-12T13:19:11.283+0000][gc,heap] Heap region size: 1M
[2020-12-12T13:19:11.311+0000][gc     ] Using G1
[2020-12-12T13:19:11.311+0000][gc,heap,coops] Heap address: 0x00000000c0000000, size: 1024 MB, Compressed Oops mode: 32-bit
[2020-12-12T13:19:11.311+0000][gc,cds       ] Mark closed archive regions in map: [0x00000000fff00000, 0x00000000fff69ff8]
[2020-12-12T13:19:11.311+0000][gc,cds       ] Mark open archive regions in map: [0x00000000ffe00000, 0x00000000ffe46ff8]
[2020-12-12T13:19:12.303+0000][gc,start     ] GC(0) Pause Young (Normal) (G1 Evacuation Pause)
[2020-12-12T13:19:12.304+0000][gc,task      ] GC(0) Using 10 workers of 10 for evacuation
[2020-12-12T13:19:12.311+0000][gc,phases    ] GC(0)   Pre Evacuate Collection Set: 0.0ms
[2020-12-12T13:19:12.311+0000][gc,phases    ] GC(0)   Evacuate Collection Set: 6.2ms
[2020-12-12T13:19:12.311+0000][gc,phases    ] GC(0)   Post Evacuate Collection Set: 0.5ms
[2020-12-12T13:19:12.311+0000][gc,phases    ] GC(0)   Other: 1.0ms
[2020-12-12T13:19:12.311+0000][gc,heap      ] GC(0) Eden regions: 51->0(44)
[2020-12-12T13:19:12.311+0000][gc,heap      ] GC(0) Survivor regions: 0->7(7)
[2020-12-12T13:19:12.311+0000][gc,heap      ] GC(0) Old regions: 2->2
[2020-12-12T13:19:12.311+0000][gc,heap      ] GC(0) Humongous regions: 0->0
[2020-12-12T13:19:12.311+0000][gc,metaspace ] GC(0) Metaspace: 16152K->16152K(1062912K)
[2020-12-12T13:19:12.311+0000][gc           ] GC(0) Pause Young (Normal) (G1 Evacuation Pause) 51M->7M(1024M) 7.682ms
[2020-12-12T13:19:12.311+0000][gc,cpu       ] GC(0) User=0.06s Sys=0.01s Real=0.00s
[2020-12-12T13:19:12.489+0000][gc,start     ] GC(1) Pause Young (Concurrent Start) (Metadata GC Threshold)
[2020-12-12T13:19:12.489+0000][gc,task      ] GC(1) Using 10 workers of 10 for evacuation
[2020-12-12T13:19:12.495+0000][gc,phases    ] GC(1)   Pre Evacuate Collection Set: 0.1ms
[2020-12-12T13:19:12.495+0000][gc,phases    ] GC(1)   Evacuate Collection Set: 5.4ms
[2020-12-12T13:19:12.495+0000][gc,phases    ] GC(1)   Post Evacuate Collection Set: 0.5ms
[2020-12-12T13:19:12.495+0000][gc,phases    ] GC(1)   Other: 0.3ms
[2020-12-12T13:19:12.495+0000][gc,heap      ] GC(1) Eden regions: 19->0(49)
[2020-12-12T13:19:12.495+0000][gc,heap      ] GC(1) Survivor regions: 7->2(7)
[2020-12-12T13:19:12.495+0000][gc,heap      ] GC(1) Old regions: 2->9
[2020-12-12T13:19:12.495+0000][gc,heap      ] GC(1) Humongous regions: 0->0
[2020-12-12T13:19:12.495+0000][gc,metaspace ] GC(1) Metaspace: 20581K->20581K(1067008K)
[2020-12-12T13:19:12.495+0000][gc           ] GC(1) Pause Young (Concurrent Start) (Metadata GC Threshold) 25M->7M(1024M) 6.208ms
[2020-12-12T13:19:12.495+0000][gc,cpu       ] GC(1) User=0.04s Sys=0.01s Real=0.01s
[2020-12-12T13:19:12.495+0000][gc           ] GC(2) Concurrent Cycle
[2020-12-12T13:19:12.495+0000][gc,marking   ] GC(2) Concurrent Clear Claimed Marks
[2020-12-12T13:19:12.495+0000][gc,marking   ] GC(2) Concurrent Clear Claimed Marks 0.017ms
[2020-12-12T13:19:12.495+0000][gc,marking   ] GC(2) Concurrent Scan Root Regions
[2020-12-12T13:19:12.496+0000][gc,marking   ] GC(2) Concurrent Scan Root Regions 0.866ms
[2020-12-12T13:19:12.496+0000][gc,marking   ] GC(2) Concurrent Mark (1.223s)
[2020-12-12T13:19:12.496+0000][gc,marking   ] GC(2) Concurrent Mark From Roots
[2020-12-12T13:19:12.496+0000][gc,task      ] GC(2) Using 3 workers of 3 for marking
[2020-12-12T13:19:12.501+0000][gc,marking   ] GC(2) Concurrent Mark From Roots 4.440ms
[2020-12-12T13:19:12.501+0000][gc,marking   ] GC(2) Concurrent Preclean
[2020-12-12T13:19:12.501+0000][gc,marking   ] GC(2) Concurrent Preclean 0.129ms
[2020-12-12T13:19:12.501+0000][gc,marking   ] GC(2) Concurrent Mark (1.223s, 1.228s) 4.602ms
[2020-12-12T13:19:12.501+0000][gc,start     ] GC(2) Pause Remark
[2020-12-12T13:19:12.502+0000][gc,stringtable] GC(2) Cleaned string and symbol table, strings: 4903 processed, 0 removed, symbols: 50750 processed, 53 removed
[2020-12-12T13:19:12.502+0000][gc            ] GC(2) Pause Remark 8M->8M(1024M) 1.371ms
[2020-12-12T13:19:12.502+0000][gc,cpu        ] GC(2) User=0.01s Sys=0.00s Real=0.00s
[2020-12-12T13:19:12.502+0000][gc,marking    ] GC(2) Concurrent Rebuild Remembered Sets
[2020-12-12T13:19:12.505+0000][gc,marking    ] GC(2) Concurrent Rebuild Remembered Sets 2.482ms
[2020-12-12T13:19:12.505+0000][gc,start      ] GC(2) Pause Cleanup
[2020-12-12T13:19:12.505+0000][gc            ] GC(2) Pause Cleanup 8M->8M(1024M) 0.245ms
[2020-12-12T13:19:12.505+0000][gc,cpu        ] GC(2) User=0.01s Sys=0.00s Real=0.00s
[2020-12-12T13:19:12.505+0000][gc,marking    ] GC(2) Concurrent Cleanup for Next Mark
[2020-12-12T13:19:12.508+0000][gc,marking    ] GC(2) Concurrent Cleanup for Next Mark 2.495ms
[2020-12-12T13:19:12.508+0000][gc            ] GC(2) Concurrent Cycle 12.604ms
[2020-12-12T13:19:14.560+0000][gc,start      ] GC(3) Pause Young (Normal) (G1 Evacuation Pause)
[2020-12-12T13:19:14.560+0000][gc,task       ] GC(3) Using 10 workers of 10 for evacuation
[2020-12-12T13:19:14.562+0000][gc,phases     ] GC(3)   Pre Evacuate Collection Set: 0.0ms
[2020-12-12T13:19:14.562+0000][gc,phases     ] GC(3)   Evacuate Collection Set: 1.6ms
[2020-12-12T13:19:14.562+0000][gc,phases     ] GC(3)   Post Evacuate Collection Set: 0.4ms
[2020-12-12T13:19:14.562+0000][gc,phases     ] GC(3)   Other: 0.1ms
[2020-12-12T13:19:14.562+0000][gc,heap       ] GC(3) Eden regions: 49->0(46)
[2020-12-12T13:19:14.562+0000][gc,heap       ] GC(3) Survivor regions: 2->5(7)
[2020-12-12T13:19:14.562+0000][gc,heap       ] GC(3) Old regions: 9->9
[2020-12-12T13:19:14.562+0000][gc,heap       ] GC(3) Humongous regions: 129->129
[2020-12-12T13:19:14.562+0000][gc,metaspace  ] GC(3) Metaspace: 28596K->28596K(1075200K)
[2020-12-12T13:19:14.562+0000][gc            ] GC(3) Pause Young (Normal) (G1 Evacuation Pause) 185M->140M(1024M) 2.245ms
[2020-12-12T13:19:14.562+0000][gc,cpu        ] GC(3) User=0.01s Sys=0.01s Real=0.01s
[2020-12-12T13:19:17.482+0000][gc,heap,exit  ] Heap
[2020-12-12T13:19:17.483+0000][gc,heap,exit  ]  garbage-first heap   total 1048576K, used 155684K [0x00000000c0000000, 0x0000000100000000)
[2020-12-12T13:19:17.483+0000][gc,heap,exit  ]   region size 1024K, 18 young (18432K), 5 survivors (5120K)
[2020-12-12T13:19:17.483+0000][gc,heap,exit  ]  Metaspace       used 30212K, capacity 31335K, committed 31612K, reserved 1077248K
[2020-12-12T13:19:17.483+0000][gc,heap,exit  ]   class space    used 3892K, capacity 4371K, committed 4476K, reserved 1048576K
