[2020-12-12T13:19:39.576+0000][gc,heap] Heap region size: 1M
[2020-12-12T13:19:39.596+0000][gc     ] Using G1
[2020-12-12T13:19:39.596+0000][gc,heap,coops] Heap address: 0x00000000c0000000, size: 1024 MB, Compressed Oops mode: 32-bit
[2020-12-12T13:19:39.596+0000][gc,cds       ] Mark closed archive regions in map: [0x00000000fff00000, 0x00000000fff69ff8]
[2020-12-12T13:19:39.596+0000][gc,cds       ] Mark open archive regions in map: [0x00000000ffe00000, 0x00000000ffe46ff8]
[2020-12-12T13:19:40.551+0000][gc,start     ] GC(0) Pause Young (Normal) (G1 Evacuation Pause)
[2020-12-12T13:19:40.552+0000][gc,task      ] GC(0) Using 10 workers of 10 for evacuation
[2020-12-12T13:19:40.558+0000][gc,phases    ] GC(0)   Pre Evacuate Collection Set: 0.0ms
[2020-12-12T13:19:40.558+0000][gc,phases    ] GC(0)   Evacuate Collection Set: 5.1ms
[2020-12-12T13:19:40.558+0000][gc,phases    ] GC(0)   Post Evacuate Collection Set: 0.6ms
[2020-12-12T13:19:40.558+0000][gc,phases    ] GC(0)   Other: 1.0ms
[2020-12-12T13:19:40.558+0000][gc,heap      ] GC(0) Eden regions: 51->0(44)
[2020-12-12T13:19:40.558+0000][gc,heap      ] GC(0) Survivor regions: 0->7(7)
[2020-12-12T13:19:40.558+0000][gc,heap      ] GC(0) Old regions: 2->2
[2020-12-12T13:19:40.558+0000][gc,heap      ] GC(0) Humongous regions: 0->0
[2020-12-12T13:19:40.558+0000][gc,metaspace ] GC(0) Metaspace: 16147K->16147K(1062912K)
[2020-12-12T13:19:40.558+0000][gc           ] GC(0) Pause Young (Normal) (G1 Evacuation Pause) 51M->6M(1024M) 6.725ms
[2020-12-12T13:19:40.558+0000][gc,cpu       ] GC(0) User=0.05s Sys=0.00s Real=0.01s
[2020-12-12T13:19:40.731+0000][gc,start     ] GC(1) Pause Young (Concurrent Start) (Metadata GC Threshold)
[2020-12-12T13:19:40.731+0000][gc,task      ] GC(1) Using 10 workers of 10 for evacuation
[2020-12-12T13:19:40.737+0000][gc,phases    ] GC(1)   Pre Evacuate Collection Set: 0.0ms
[2020-12-12T13:19:40.737+0000][gc,phases    ] GC(1)   Evacuate Collection Set: 5.5ms
[2020-12-12T13:19:40.737+0000][gc,phases    ] GC(1)   Post Evacuate Collection Set: 0.4ms
[2020-12-12T13:19:40.737+0000][gc,phases    ] GC(1)   Other: 0.2ms
[2020-12-12T13:19:40.737+0000][gc,heap      ] GC(1) Eden regions: 18->0(49)
[2020-12-12T13:19:40.737+0000][gc,heap      ] GC(1) Survivor regions: 7->2(7)
[2020-12-12T13:19:40.737+0000][gc,heap      ] GC(1) Old regions: 2->9
[2020-12-12T13:19:40.737+0000][gc,heap      ] GC(1) Humongous regions: 0->0
[2020-12-12T13:19:40.737+0000][gc,metaspace ] GC(1) Metaspace: 20579K->20579K(1067008K)
[2020-12-12T13:19:40.737+0000][gc           ] GC(1) Pause Young (Concurrent Start) (Metadata GC Threshold) 24M->8M(1024M) 6.186ms
[2020-12-12T13:19:40.737+0000][gc,cpu       ] GC(1) User=0.03s Sys=0.01s Real=0.01s
[2020-12-12T13:19:40.737+0000][gc           ] GC(2) Concurrent Cycle
[2020-12-12T13:19:40.737+0000][gc,marking   ] GC(2) Concurrent Clear Claimed Marks
[2020-12-12T13:19:40.737+0000][gc,marking   ] GC(2) Concurrent Clear Claimed Marks 0.017ms
[2020-12-12T13:19:40.737+0000][gc,marking   ] GC(2) Concurrent Scan Root Regions
[2020-12-12T13:19:40.738+0000][gc,marking   ] GC(2) Concurrent Scan Root Regions 0.887ms
[2020-12-12T13:19:40.738+0000][gc,marking   ] GC(2) Concurrent Mark (1.169s)
[2020-12-12T13:19:40.738+0000][gc,marking   ] GC(2) Concurrent Mark From Roots
[2020-12-12T13:19:40.738+0000][gc,task      ] GC(2) Using 3 workers of 3 for marking
[2020-12-12T13:19:40.742+0000][gc,marking   ] GC(2) Concurrent Mark From Roots 4.067ms
[2020-12-12T13:19:40.742+0000][gc,marking   ] GC(2) Concurrent Preclean
[2020-12-12T13:19:40.742+0000][gc,marking   ] GC(2) Concurrent Preclean 0.127ms
[2020-12-12T13:19:40.742+0000][gc,marking   ] GC(2) Concurrent Mark (1.169s, 1.174s) 4.224ms
[2020-12-12T13:19:40.743+0000][gc,start     ] GC(2) Pause Remark
[2020-12-12T13:19:40.744+0000][gc,stringtable] GC(2) Cleaned string and symbol table, strings: 4981 processed, 0 removed, symbols: 50960 processed, 52 removed
[2020-12-12T13:19:40.744+0000][gc            ] GC(2) Pause Remark 8M->8M(1024M) 1.098ms
[2020-12-12T13:19:40.744+0000][gc,cpu        ] GC(2) User=0.01s Sys=0.00s Real=0.00s
[2020-12-12T13:19:40.744+0000][gc,marking    ] GC(2) Concurrent Rebuild Remembered Sets
[2020-12-12T13:19:40.746+0000][gc,marking    ] GC(2) Concurrent Rebuild Remembered Sets 2.117ms
[2020-12-12T13:19:40.746+0000][gc,start      ] GC(2) Pause Cleanup
[2020-12-12T13:19:40.747+0000][gc            ] GC(2) Pause Cleanup 8M->8M(1024M) 0.178ms
[2020-12-12T13:19:40.747+0000][gc,cpu        ] GC(2) User=0.00s Sys=0.00s Real=0.00s
[2020-12-12T13:19:40.747+0000][gc,marking    ] GC(2) Concurrent Cleanup for Next Mark
[2020-12-12T13:19:40.749+0000][gc,marking    ] GC(2) Concurrent Cleanup for Next Mark 2.152ms
[2020-12-12T13:19:40.749+0000][gc            ] GC(2) Concurrent Cycle 11.505ms
[2020-12-12T13:19:41.309+0000][gc,start      ] GC(3) Pause Young (Normal) (G1 Evacuation Pause)
[2020-12-12T13:19:41.309+0000][gc,task       ] GC(3) Using 10 workers of 10 for evacuation
[2020-12-12T13:19:41.311+0000][gc,phases     ] GC(3)   Pre Evacuate Collection Set: 0.0ms
[2020-12-12T13:19:41.311+0000][gc,phases     ] GC(3)   Evacuate Collection Set: 1.9ms
[2020-12-12T13:19:41.311+0000][gc,phases     ] GC(3)   Post Evacuate Collection Set: 0.5ms
[2020-12-12T13:19:41.311+0000][gc,phases     ] GC(3)   Other: 0.2ms
[2020-12-12T13:19:41.311+0000][gc,heap       ] GC(3) Eden regions: 49->0(46)
[2020-12-12T13:19:41.312+0000][gc,heap       ] GC(3) Survivor regions: 2->5(7)
[2020-12-12T13:19:41.312+0000][gc,heap       ] GC(3) Old regions: 9->9
[2020-12-12T13:19:41.312+0000][gc,heap       ] GC(3) Humongous regions: 129->129
[2020-12-12T13:19:41.312+0000][gc,metaspace  ] GC(3) Metaspace: 29208K->29208K(1075200K)
[2020-12-12T13:19:41.312+0000][gc            ] GC(3) Pause Young (Normal) (G1 Evacuation Pause) 186M->140M(1024M) 2.758ms
[2020-12-12T13:19:41.312+0000][gc,cpu        ] GC(3) User=0.02s Sys=0.00s Real=0.00s
[2020-12-12T13:19:41.492+0000][gc,start      ] GC(4) Pause Young (Concurrent Start) (Metadata GC Threshold)
[2020-12-12T13:19:41.492+0000][gc,task       ] GC(4) Using 10 workers of 10 for evacuation
[2020-12-12T13:19:41.497+0000][gc,phases     ] GC(4)   Pre Evacuate Collection Set: 0.1ms
[2020-12-12T13:19:41.497+0000][gc,phases     ] GC(4)   Evacuate Collection Set: 4.7ms
[2020-12-12T13:19:41.497+0000][gc,phases     ] GC(4)   Post Evacuate Collection Set: 0.4ms
[2020-12-12T13:19:41.498+0000][gc,phases     ] GC(4)   Other: 0.2ms
[2020-12-12T13:19:41.498+0000][gc,heap       ] GC(4) Eden regions: 24->0(49)
[2020-12-12T13:19:41.498+0000][gc,heap       ] GC(4) Survivor regions: 5->2(7)
[2020-12-12T13:19:41.498+0000][gc,heap       ] GC(4) Old regions: 9->13
[2020-12-12T13:19:41.498+0000][gc,heap       ] GC(4) Humongous regions: 129->129
[2020-12-12T13:19:41.498+0000][gc,metaspace  ] GC(4) Metaspace: 34384K->34384K(1081344K)
[2020-12-12T13:19:41.498+0000][gc            ] GC(4) Pause Young (Concurrent Start) (Metadata GC Threshold) 163M->142M(1024M) 5.429ms
[2020-12-12T13:19:41.498+0000][gc,cpu        ] GC(4) User=0.03s Sys=0.00s Real=0.00s
[2020-12-12T13:19:41.498+0000][gc            ] GC(5) Concurrent Cycle
[2020-12-12T13:19:41.498+0000][gc,marking    ] GC(5) Concurrent Clear Claimed Marks
[2020-12-12T13:19:41.498+0000][gc,marking    ] GC(5) Concurrent Clear Claimed Marks 0.075ms
[2020-12-12T13:19:41.498+0000][gc,marking    ] GC(5) Concurrent Scan Root Regions
[2020-12-12T13:19:41.499+0000][gc,marking    ] GC(5) Concurrent Scan Root Regions 1.219ms
[2020-12-12T13:19:41.499+0000][gc,marking    ] GC(5) Concurrent Mark (1.930s)
[2020-12-12T13:19:41.499+0000][gc,marking    ] GC(5) Concurrent Mark From Roots
[2020-12-12T13:19:41.499+0000][gc,task       ] GC(5) Using 3 workers of 3 for marking
[2020-12-12T13:19:41.510+0000][gc,marking    ] GC(5) Concurrent Mark From Roots 11.362ms
[2020-12-12T13:19:41.510+0000][gc,marking    ] GC(5) Concurrent Preclean
[2020-12-12T13:19:41.511+0000][gc,marking    ] GC(5) Concurrent Preclean 0.236ms
[2020-12-12T13:19:41.511+0000][gc,marking    ] GC(5) Concurrent Mark (1.930s, 1.942s) 11.650ms
[2020-12-12T13:19:41.511+0000][gc,start      ] GC(5) Pause Remark
[2020-12-12T13:19:41.514+0000][gc,stringtable] GC(5) Cleaned string and symbol table, strings: 10785 processed, 11 removed, symbols: 80732 processed, 22 removed
[2020-12-12T13:19:41.514+0000][gc            ] GC(5) Pause Remark 143M->143M(1024M) 3.030ms
[2020-12-12T13:19:41.514+0000][gc,cpu        ] GC(5) User=0.02s Sys=0.01s Real=0.01s
[2020-12-12T13:19:41.514+0000][gc,marking    ] GC(5) Concurrent Rebuild Remembered Sets
[2020-12-12T13:19:41.520+0000][gc,marking    ] GC(5) Concurrent Rebuild Remembered Sets 5.883ms
[2020-12-12T13:19:41.522+0000][gc,start      ] GC(5) Pause Cleanup
[2020-12-12T13:19:41.522+0000][gc            ] GC(5) Pause Cleanup 143M->143M(1024M) 0.233ms
[2020-12-12T13:19:41.522+0000][gc,cpu        ] GC(5) User=0.01s Sys=0.00s Real=0.00s
[2020-12-12T13:19:41.522+0000][gc,marking    ] GC(5) Concurrent Cleanup for Next Mark
[2020-12-12T13:19:41.527+0000][gc,marking    ] GC(5) Concurrent Cleanup for Next Mark 4.636ms
[2020-12-12T13:19:41.527+0000][gc            ] GC(5) Concurrent Cycle 29.075ms
