[2020-12-12T13:02:01.638+0000][gc,heap] Heap region size: 1M
[2020-12-12T13:02:01.646+0000][gc     ] Using G1
[2020-12-12T13:02:01.646+0000][gc,heap,coops] Heap address: 0x00000000c0000000, size: 1024 MB, Compressed Oops mode: 32-bit
[2020-12-12T13:02:01.646+0000][gc,cds       ] Mark closed archive regions in map: [0x00000000fff00000, 0x00000000fff69ff8]
[2020-12-12T13:02:01.646+0000][gc,cds       ] Mark open archive regions in map: [0x00000000ffe00000, 0x00000000ffe46ff8]
[2020-12-12T13:02:02.522+0000][gc,start     ] GC(0) Pause Young (Normal) (G1 Evacuation Pause)
[2020-12-12T13:02:02.523+0000][gc,task      ] GC(0) Using 10 workers of 10 for evacuation
[2020-12-12T13:02:02.529+0000][gc,phases    ] GC(0)   Pre Evacuate Collection Set: 0.0ms
[2020-12-12T13:02:02.529+0000][gc,phases    ] GC(0)   Evacuate Collection Set: 5.2ms
[2020-12-12T13:02:02.529+0000][gc,phases    ] GC(0)   Post Evacuate Collection Set: 0.6ms
[2020-12-12T13:02:02.529+0000][gc,phases    ] GC(0)   Other: 1.0ms
[2020-12-12T13:02:02.529+0000][gc,heap      ] GC(0) Eden regions: 51->0(44)
[2020-12-12T13:02:02.529+0000][gc,heap      ] GC(0) Survivor regions: 0->7(7)
[2020-12-12T13:02:02.529+0000][gc,heap      ] GC(0) Old regions: 2->2
[2020-12-12T13:02:02.529+0000][gc,heap      ] GC(0) Humongous regions: 0->0
[2020-12-12T13:02:02.529+0000][gc,metaspace ] GC(0) Metaspace: 16184K->16184K(1062912K)
[2020-12-12T13:02:02.529+0000][gc           ] GC(0) Pause Young (Normal) (G1 Evacuation Pause) 51M->7M(1024M) 6.912ms
[2020-12-12T13:02:02.529+0000][gc,cpu       ] GC(0) User=0.05s Sys=0.00s Real=0.00s
[2020-12-12T13:02:02.705+0000][gc,start     ] GC(1) Pause Young (Concurrent Start) (Metadata GC Threshold)
[2020-12-12T13:02:02.705+0000][gc,task      ] GC(1) Using 10 workers of 10 for evacuation
[2020-12-12T13:02:02.712+0000][gc,phases    ] GC(1)   Pre Evacuate Collection Set: 0.0ms
[2020-12-12T13:02:02.712+0000][gc,phases    ] GC(1)   Evacuate Collection Set: 5.5ms
[2020-12-12T13:02:02.712+0000][gc,phases    ] GC(1)   Post Evacuate Collection Set: 0.4ms
[2020-12-12T13:02:02.712+0000][gc,phases    ] GC(1)   Other: 0.2ms
[2020-12-12T13:02:02.712+0000][gc,heap      ] GC(1) Eden regions: 18->0(50)
[2020-12-12T13:02:02.712+0000][gc,heap      ] GC(1) Survivor regions: 7->1(7)
[2020-12-12T13:02:02.712+0000][gc,heap      ] GC(1) Old regions: 2->9
[2020-12-12T13:02:02.712+0000][gc,heap      ] GC(1) Humongous regions: 0->0
[2020-12-12T13:02:02.712+0000][gc,metaspace ] GC(1) Metaspace: 20508K->20508K(1067008K)
[2020-12-12T13:02:02.712+0000][gc           ] GC(1) Pause Young (Concurrent Start) (Metadata GC Threshold) 24M->7M(1024M) 6.254ms
[2020-12-12T13:02:02.712+0000][gc,cpu       ] GC(1) User=0.03s Sys=0.00s Real=0.00s
[2020-12-12T13:02:02.712+0000][gc           ] GC(2) Concurrent Cycle
[2020-12-12T13:02:02.712+0000][gc,marking   ] GC(2) Concurrent Clear Claimed Marks
[2020-12-12T13:02:02.712+0000][gc,marking   ] GC(2) Concurrent Clear Claimed Marks 0.015ms
[2020-12-12T13:02:02.712+0000][gc,marking   ] GC(2) Concurrent Scan Root Regions
[2020-12-12T13:02:02.713+0000][gc,marking   ] GC(2) Concurrent Scan Root Regions 0.827ms
[2020-12-12T13:02:02.713+0000][gc,marking   ] GC(2) Concurrent Mark (1.077s)
[2020-12-12T13:02:02.713+0000][gc,marking   ] GC(2) Concurrent Mark From Roots
[2020-12-12T13:02:02.713+0000][gc,task      ] GC(2) Using 3 workers of 3 for marking
[2020-12-12T13:02:02.716+0000][gc,marking   ] GC(2) Concurrent Mark From Roots 3.719ms
[2020-12-12T13:02:02.716+0000][gc,marking   ] GC(2) Concurrent Preclean
[2020-12-12T13:02:02.716+0000][gc,marking   ] GC(2) Concurrent Preclean 0.145ms
[2020-12-12T13:02:02.716+0000][gc,marking   ] GC(2) Concurrent Mark (1.077s, 1.081s) 3.898ms
[2020-12-12T13:02:02.717+0000][gc,start     ] GC(2) Pause Remark
[2020-12-12T13:02:02.718+0000][gc,stringtable] GC(2) Cleaned string and symbol table, strings: 4905 processed, 0 removed, symbols: 50741 processed, 53 removed
[2020-12-12T13:02:02.718+0000][gc            ] GC(2) Pause Remark 8M->8M(1024M) 1.223ms
[2020-12-12T13:02:02.718+0000][gc,cpu        ] GC(2) User=0.01s Sys=0.00s Real=0.00s
[2020-12-12T13:02:02.718+0000][gc,marking    ] GC(2) Concurrent Rebuild Remembered Sets
[2020-12-12T13:02:02.720+0000][gc,marking    ] GC(2) Concurrent Rebuild Remembered Sets 2.330ms
[2020-12-12T13:02:02.721+0000][gc,start      ] GC(2) Pause Cleanup
[2020-12-12T13:02:02.721+0000][gc            ] GC(2) Pause Cleanup 8M->8M(1024M) 0.262ms
[2020-12-12T13:02:02.721+0000][gc,cpu        ] GC(2) User=0.00s Sys=0.00s Real=0.00s
[2020-12-12T13:02:02.721+0000][gc,marking    ] GC(2) Concurrent Cleanup for Next Mark
[2020-12-12T13:02:02.723+0000][gc,marking    ] GC(2) Concurrent Cleanup for Next Mark 2.258ms
[2020-12-12T13:02:02.723+0000][gc            ] GC(2) Concurrent Cycle 11.586ms
[2020-12-12T13:02:03.363+0000][gc,start      ] GC(3) Pause Young (Normal) (G1 Evacuation Pause)
[2020-12-12T13:02:03.363+0000][gc,task       ] GC(3) Using 10 workers of 10 for evacuation
[2020-12-12T13:02:03.366+0000][gc,phases     ] GC(3)   Pre Evacuate Collection Set: 0.0ms
[2020-12-12T13:02:03.366+0000][gc,phases     ] GC(3)   Evacuate Collection Set: 1.8ms
[2020-12-12T13:02:03.366+0000][gc,phases     ] GC(3)   Post Evacuate Collection Set: 0.4ms
[2020-12-12T13:02:03.366+0000][gc,phases     ] GC(3)   Other: 0.2ms
[2020-12-12T13:02:03.366+0000][gc,heap       ] GC(3) Eden regions: 50->0(46)
[2020-12-12T13:02:03.366+0000][gc,heap       ] GC(3) Survivor regions: 1->5(7)
[2020-12-12T13:02:03.366+0000][gc,heap       ] GC(3) Old regions: 9->9
[2020-12-12T13:02:03.366+0000][gc,heap       ] GC(3) Humongous regions: 129->129
[2020-12-12T13:02:03.366+0000][gc,metaspace  ] GC(3) Metaspace: 28748K->28748K(1075200K)
[2020-12-12T13:02:03.366+0000][gc            ] GC(3) Pause Young (Normal) (G1 Evacuation Pause) 186M->140M(1024M) 2.501ms
[2020-12-12T13:02:03.366+0000][gc,cpu        ] GC(3) User=0.03s Sys=0.00s Real=0.00s
[2020-12-12T13:02:03.574+0000][gc,start      ] GC(4) Pause Young (Concurrent Start) (Metadata GC Threshold)
[2020-12-12T13:02:03.574+0000][gc,task       ] GC(4) Using 10 workers of 10 for evacuation
[2020-12-12T13:02:03.578+0000][gc,phases     ] GC(4)   Pre Evacuate Collection Set: 0.1ms
[2020-12-12T13:02:03.578+0000][gc,phases     ] GC(4)   Evacuate Collection Set: 3.7ms
[2020-12-12T13:02:03.578+0000][gc,phases     ] GC(4)   Post Evacuate Collection Set: 0.6ms
[2020-12-12T13:02:03.578+0000][gc,phases     ] GC(4)   Other: 0.2ms
[2020-12-12T13:02:03.578+0000][gc,heap       ] GC(4) Eden regions: 26->0(45)
[2020-12-12T13:02:03.578+0000][gc,heap       ] GC(4) Survivor regions: 5->6(7)
[2020-12-12T13:02:03.578+0000][gc,heap       ] GC(4) Old regions: 9->9
[2020-12-12T13:02:03.578+0000][gc,heap       ] GC(4) Humongous regions: 129->129
[2020-12-12T13:02:03.578+0000][gc,metaspace  ] GC(4) Metaspace: 34468K->34468K(1081344K)
[2020-12-12T13:02:03.578+0000][gc            ] GC(4) Pause Young (Concurrent Start) (Metadata GC Threshold) 165M->141M(1024M) 4.657ms
[2020-12-12T13:02:03.578+0000][gc,cpu        ] GC(4) User=0.03s Sys=0.00s Real=0.00s
[2020-12-12T13:02:03.578+0000][gc            ] GC(5) Concurrent Cycle
[2020-12-12T13:02:03.578+0000][gc,marking    ] GC(5) Concurrent Clear Claimed Marks
[2020-12-12T13:02:03.578+0000][gc,marking    ] GC(5) Concurrent Clear Claimed Marks 0.043ms
[2020-12-12T13:02:03.578+0000][gc,marking    ] GC(5) Concurrent Scan Root Regions
[2020-12-12T13:02:03.580+0000][gc,marking    ] GC(5) Concurrent Scan Root Regions 1.870ms
[2020-12-12T13:02:03.580+0000][gc,marking    ] GC(5) Concurrent Mark (1.945s)
[2020-12-12T13:02:03.580+0000][gc,marking    ] GC(5) Concurrent Mark From Roots
[2020-12-12T13:02:03.580+0000][gc,task       ] GC(5) Using 3 workers of 3 for marking
[2020-12-12T13:02:03.586+0000][gc,marking    ] GC(5) Concurrent Mark From Roots 5.302ms
[2020-12-12T13:02:03.586+0000][gc,marking    ] GC(5) Concurrent Preclean
[2020-12-12T13:02:03.586+0000][gc,marking    ] GC(5) Concurrent Preclean 0.143ms
[2020-12-12T13:02:03.586+0000][gc,marking    ] GC(5) Concurrent Mark (1.945s, 1.950s) 5.478ms
[2020-12-12T13:02:03.586+0000][gc,start      ] GC(5) Pause Remark
[2020-12-12T13:02:03.589+0000][gc,stringtable] GC(5) Cleaned string and symbol table, strings: 10802 processed, 11 removed, symbols: 80673 processed, 22 removed
[2020-12-12T13:02:03.589+0000][gc            ] GC(5) Pause Remark 143M->143M(1024M) 3.457ms
[2020-12-12T13:02:03.590+0000][gc,cpu        ] GC(5) User=0.04s Sys=0.00s Real=0.00s
[2020-12-12T13:02:03.590+0000][gc,marking    ] GC(5) Concurrent Rebuild Remembered Sets
[2020-12-12T13:02:03.592+0000][gc,marking    ] GC(5) Concurrent Rebuild Remembered Sets 2.650ms
[2020-12-12T13:02:03.592+0000][gc,start      ] GC(5) Pause Cleanup
[2020-12-12T13:02:03.593+0000][gc            ] GC(5) Pause Cleanup 143M->143M(1024M) 0.185ms
[2020-12-12T13:02:03.593+0000][gc,cpu        ] GC(5) User=0.00s Sys=0.00s Real=0.00s
[2020-12-12T13:02:03.593+0000][gc,marking    ] GC(5) Concurrent Cleanup for Next Mark
[2020-12-12T13:02:03.596+0000][gc,marking    ] GC(5) Concurrent Cleanup for Next Mark 3.683ms
[2020-12-12T13:02:03.596+0000][gc            ] GC(5) Concurrent Cycle 17.888ms
[2020-12-12T13:02:03.786+0000][gc,heap,exit  ] Heap
[2020-12-12T13:02:03.786+0000][gc,heap,exit  ]  garbage-first heap   total 1048576K, used 178103K [0x00000000c0000000, 0x0000000100000000)
[2020-12-12T13:02:03.786+0000][gc,heap,exit  ]   region size 1024K, 27 young (27648K), 6 survivors (6144K)
[2020-12-12T13:02:03.786+0000][gc,heap,exit  ]  Metaspace       used 36928K, capacity 38618K, committed 38988K, reserved 1083392K
[2020-12-12T13:02:03.786+0000][gc,heap,exit  ]   class space    used 4820K, capacity 5645K, committed 5760K, reserved 1048576K
