[2020-12-12T13:23:36.219+0000][gc,heap] Heap region size: 1M
[2020-12-12T13:23:36.235+0000][gc     ] Using G1
[2020-12-12T13:23:36.235+0000][gc,heap,coops] Heap address: 0x00000000c0000000, size: 1024 MB, Compressed Oops mode: 32-bit
[2020-12-12T13:23:36.236+0000][gc,cds       ] Mark closed archive regions in map: [0x00000000fff00000, 0x00000000fff69ff8]
[2020-12-12T13:23:36.236+0000][gc,cds       ] Mark open archive regions in map: [0x00000000ffe00000, 0x00000000ffe46ff8]
[2020-12-12T13:23:38.473+0000][gc,start     ] GC(0) Pause Young (Normal) (G1 Evacuation Pause)
[2020-12-12T13:23:38.489+0000][gc,task      ] GC(0) Using 10 workers of 10 for evacuation
[2020-12-12T13:23:38.553+0000][gc,mmu       ] GC(0) MMU target violated: 21.0ms (20.0ms/21.0ms)
[2020-12-12T13:23:38.553+0000][gc,phases    ] GC(0)   Pre Evacuate Collection Set: 0.0ms
[2020-12-12T13:23:38.553+0000][gc,phases    ] GC(0)   Evacuate Collection Set: 62.6ms
[2020-12-12T13:23:38.553+0000][gc,phases    ] GC(0)   Post Evacuate Collection Set: 0.7ms
[2020-12-12T13:23:38.553+0000][gc,phases    ] GC(0)   Other: 16.5ms
[2020-12-12T13:23:38.553+0000][gc,heap      ] GC(0) Eden regions: 51->0(44)
[2020-12-12T13:23:38.553+0000][gc,heap      ] GC(0) Survivor regions: 0->7(7)
[2020-12-12T13:23:38.553+0000][gc,heap      ] GC(0) Old regions: 2->2
[2020-12-12T13:23:38.553+0000][gc,heap      ] GC(0) Humongous regions: 0->0
[2020-12-12T13:23:38.553+0000][gc,metaspace ] GC(0) Metaspace: 16122K->16122K(1062912K)
[2020-12-12T13:23:38.553+0000][gc           ] GC(0) Pause Young (Normal) (G1 Evacuation Pause) 51M->6M(1024M) 79.908ms
[2020-12-12T13:23:38.553+0000][gc,cpu       ] GC(0) User=0.25s Sys=0.00s Real=0.08s
[2020-12-12T13:23:38.977+0000][gc,start     ] GC(1) Pause Young (Concurrent Start) (Metadata GC Threshold)
[2020-12-12T13:23:38.977+0000][gc,task      ] GC(1) Using 10 workers of 10 for evacuation
[2020-12-12T13:23:39.000+0000][gc,mmu       ] GC(1) MMU target violated: 21.0ms (20.0ms/21.0ms)
[2020-12-12T13:23:39.000+0000][gc,phases    ] GC(1)   Pre Evacuate Collection Set: 0.1ms
[2020-12-12T13:23:39.000+0000][gc,phases    ] GC(1)   Evacuate Collection Set: 21.4ms
[2020-12-12T13:23:39.000+0000][gc,phases    ] GC(1)   Post Evacuate Collection Set: 0.6ms
[2020-12-12T13:23:39.000+0000][gc,phases    ] GC(1)   Other: 0.4ms
[2020-12-12T13:23:39.000+0000][gc,heap      ] GC(1) Eden regions: 19->0(50)
[2020-12-12T13:23:39.000+0000][gc,heap      ] GC(1) Survivor regions: 7->1(7)
[2020-12-12T13:23:39.000+0000][gc,heap      ] GC(1) Old regions: 2->9
[2020-12-12T13:23:39.000+0000][gc,heap      ] GC(1) Humongous regions: 0->0
[2020-12-12T13:23:39.000+0000][gc,metaspace ] GC(1) Metaspace: 20602K->20602K(1067008K)
[2020-12-12T13:23:39.000+0000][gc           ] GC(1) Pause Young (Concurrent Start) (Metadata GC Threshold) 25M->7M(1024M) 22.647ms
[2020-12-12T13:23:39.000+0000][gc,cpu       ] GC(1) User=0.09s Sys=0.00s Real=0.03s
[2020-12-12T13:23:39.000+0000][gc           ] GC(2) Concurrent Cycle
[2020-12-12T13:23:39.000+0000][gc,marking   ] GC(2) Concurrent Clear Claimed Marks
[2020-12-12T13:23:39.000+0000][gc,marking   ] GC(2) Concurrent Clear Claimed Marks 0.049ms
[2020-12-12T13:23:39.000+0000][gc,marking   ] GC(2) Concurrent Scan Root Regions
[2020-12-12T13:23:39.003+0000][gc,marking   ] GC(2) Concurrent Scan Root Regions 2.876ms
[2020-12-12T13:23:39.003+0000][gc,marking   ] GC(2) Concurrent Mark (2.789s)
[2020-12-12T13:23:39.003+0000][gc,marking   ] GC(2) Concurrent Mark From Roots
[2020-12-12T13:23:39.016+0000][gc,task      ] GC(2) Using 3 workers of 3 for marking
[2020-12-12T13:23:39.027+0000][gc,marking   ] GC(2) Concurrent Mark From Roots 23.981ms
[2020-12-12T13:23:39.027+0000][gc,marking   ] GC(2) Concurrent Preclean
[2020-12-12T13:23:39.027+0000][gc,marking   ] GC(2) Concurrent Preclean 0.248ms
[2020-12-12T13:23:39.027+0000][gc,marking   ] GC(2) Concurrent Mark (2.789s, 2.813s) 24.300ms
[2020-12-12T13:23:39.028+0000][gc,start     ] GC(2) Pause Remark
[2020-12-12T13:23:39.033+0000][gc,stringtable] GC(2) Cleaned string and symbol table, strings: 4925 processed, 0 removed, symbols: 51421 processed, 53 removed
[2020-12-12T13:23:39.033+0000][gc            ] GC(2) Pause Remark 8M->8M(1024M) 5.378ms
[2020-12-12T13:23:39.033+0000][gc,cpu        ] GC(2) User=0.02s Sys=0.00s Real=0.01s
[2020-12-12T13:23:39.033+0000][gc,marking    ] GC(2) Concurrent Rebuild Remembered Sets
[2020-12-12T13:23:39.039+0000][gc,marking    ] GC(2) Concurrent Rebuild Remembered Sets 5.917ms
[2020-12-12T13:23:39.039+0000][gc,start      ] GC(2) Pause Cleanup
[2020-12-12T13:23:39.039+0000][gc            ] GC(2) Pause Cleanup 8M->8M(1024M) 0.353ms
[2020-12-12T13:23:39.039+0000][gc,cpu        ] GC(2) User=0.00s Sys=0.00s Real=0.00s
[2020-12-12T13:23:39.039+0000][gc,marking    ] GC(2) Concurrent Cleanup for Next Mark
[2020-12-12T13:23:39.045+0000][gc,marking    ] GC(2) Concurrent Cleanup for Next Mark 5.233ms
[2020-12-12T13:23:39.045+0000][gc            ] GC(2) Concurrent Cycle 44.726ms
[2020-12-12T13:23:42.368+0000][gc,start      ] GC(3) Pause Young (Normal) (G1 Evacuation Pause)
[2020-12-12T13:23:42.368+0000][gc,task       ] GC(3) Using 10 workers of 10 for evacuation
[2020-12-12T13:23:42.372+0000][gc,phases     ] GC(3)   Pre Evacuate Collection Set: 0.0ms
[2020-12-12T13:23:42.372+0000][gc,phases     ] GC(3)   Evacuate Collection Set: 3.1ms
[2020-12-12T13:23:42.372+0000][gc,phases     ] GC(3)   Post Evacuate Collection Set: 0.5ms
[2020-12-12T13:23:42.372+0000][gc,phases     ] GC(3)   Other: 0.2ms
[2020-12-12T13:23:42.372+0000][gc,heap       ] GC(3) Eden regions: 50->0(46)
[2020-12-12T13:23:42.372+0000][gc,heap       ] GC(3) Survivor regions: 1->5(7)
[2020-12-12T13:23:42.372+0000][gc,heap       ] GC(3) Old regions: 9->9
[2020-12-12T13:23:42.372+0000][gc,heap       ] GC(3) Humongous regions: 129->129
[2020-12-12T13:23:42.372+0000][gc,metaspace  ] GC(3) Metaspace: 28849K->28849K(1075200K)
[2020-12-12T13:23:42.372+0000][gc            ] GC(3) Pause Young (Normal) (G1 Evacuation Pause) 186M->140M(1024M) 3.876ms
[2020-12-12T13:23:42.372+0000][gc,cpu        ] GC(3) User=0.01s Sys=0.00s Real=0.00s
[2020-12-12T13:23:44.918+0000][gc,heap,exit  ] Heap
[2020-12-12T13:23:44.919+0000][gc,heap,exit  ]  garbage-first heap   total 1048576K, used 154815K [0x00000000c0000000, 0x0000000100000000)
[2020-12-12T13:23:44.919+0000][gc,heap,exit  ]   region size 1024K, 17 young (17408K), 5 survivors (5120K)
[2020-12-12T13:23:44.919+0000][gc,heap,exit  ]  Metaspace       used 30210K, capacity 31356K, committed 31612K, reserved 1077248K
[2020-12-12T13:23:44.919+0000][gc,heap,exit  ]   class space    used 3898K, capacity 4377K, committed 4480K, reserved 1048576K
