[2020-12-14T06:56:37.399+0000][gc,heap] Heap region size: 1M
[2020-12-14T06:56:37.407+0000][gc     ] Using G1
[2020-12-14T06:56:37.407+0000][gc,heap,coops] Heap address: 0x00000000c0000000, size: 1024 MB, Compressed Oops mode: 32-bit
[2020-12-14T06:56:37.407+0000][gc,cds       ] Mark closed archive regions in map: [0x00000000fff00000, 0x00000000fff69ff8]
[2020-12-14T06:56:37.407+0000][gc,cds       ] Mark open archive regions in map: [0x00000000ffe00000, 0x00000000ffe46ff8]
[2020-12-14T06:56:38.365+0000][gc,start     ] GC(0) Pause Young (Normal) (G1 Evacuation Pause)
[2020-12-14T06:56:38.366+0000][gc,task      ] GC(0) Using 10 workers of 10 for evacuation
[2020-12-14T06:56:38.373+0000][gc,phases    ] GC(0)   Pre Evacuate Collection Set: 0.0ms
[2020-12-14T06:56:38.373+0000][gc,phases    ] GC(0)   Evacuate Collection Set: 6.5ms
[2020-12-14T06:56:38.373+0000][gc,phases    ] GC(0)   Post Evacuate Collection Set: 0.6ms
[2020-12-14T06:56:38.373+0000][gc,phases    ] GC(0)   Other: 1.1ms
[2020-12-14T06:56:38.373+0000][gc,heap      ] GC(0) Eden regions: 51->0(44)
[2020-12-14T06:56:38.373+0000][gc,heap      ] GC(0) Survivor regions: 0->7(7)
[2020-12-14T06:56:38.373+0000][gc,heap      ] GC(0) Old regions: 2->2
[2020-12-14T06:56:38.373+0000][gc,heap      ] GC(0) Humongous regions: 0->0
[2020-12-14T06:56:38.373+0000][gc,metaspace ] GC(0) Metaspace: 16159K->16159K(1062912K)
[2020-12-14T06:56:38.373+0000][gc           ] GC(0) Pause Young (Normal) (G1 Evacuation Pause) 51M->7M(1024M) 8.266ms
[2020-12-14T06:56:38.373+0000][gc,cpu       ] GC(0) User=0.07s Sys=0.00s Real=0.01s
[2020-12-14T06:56:38.562+0000][gc,start     ] GC(1) Pause Young (Concurrent Start) (Metadata GC Threshold)
[2020-12-14T06:56:38.562+0000][gc,task      ] GC(1) Using 10 workers of 10 for evacuation
[2020-12-14T06:56:38.567+0000][gc,phases    ] GC(1)   Pre Evacuate Collection Set: 0.0ms
[2020-12-14T06:56:38.568+0000][gc,phases    ] GC(1)   Evacuate Collection Set: 5.2ms
[2020-12-14T06:56:38.568+0000][gc,phases    ] GC(1)   Post Evacuate Collection Set: 0.4ms
[2020-12-14T06:56:38.568+0000][gc,phases    ] GC(1)   Other: 0.2ms
[2020-12-14T06:56:38.568+0000][gc,heap      ] GC(1) Eden regions: 19->0(50)
[2020-12-14T06:56:38.568+0000][gc,heap      ] GC(1) Survivor regions: 7->1(7)
[2020-12-14T06:56:38.568+0000][gc,heap      ] GC(1) Old regions: 2->9
[2020-12-14T06:56:38.568+0000][gc,heap      ] GC(1) Humongous regions: 0->0
[2020-12-14T06:56:38.568+0000][gc,metaspace ] GC(1) Metaspace: 20505K->20505K(1067008K)
[2020-12-14T06:56:38.568+0000][gc           ] GC(1) Pause Young (Concurrent Start) (Metadata GC Threshold) 25M->7M(1024M) 5.920ms
[2020-12-14T06:56:38.568+0000][gc,cpu       ] GC(1) User=0.03s Sys=0.00s Real=0.00s
[2020-12-14T06:56:38.568+0000][gc           ] GC(2) Concurrent Cycle
[2020-12-14T06:56:38.568+0000][gc,marking   ] GC(2) Concurrent Clear Claimed Marks
[2020-12-14T06:56:38.568+0000][gc,marking   ] GC(2) Concurrent Clear Claimed Marks 0.018ms
[2020-12-14T06:56:38.568+0000][gc,marking   ] GC(2) Concurrent Scan Root Regions
[2020-12-14T06:56:38.568+0000][gc,marking   ] GC(2) Concurrent Scan Root Regions 0.688ms
[2020-12-14T06:56:38.568+0000][gc,marking   ] GC(2) Concurrent Mark (1.171s)
[2020-12-14T06:56:38.568+0000][gc,marking   ] GC(2) Concurrent Mark From Roots
[2020-12-14T06:56:38.569+0000][gc,task      ] GC(2) Using 3 workers of 3 for marking
[2020-12-14T06:56:38.573+0000][gc,marking   ] GC(2) Concurrent Mark From Roots 4.247ms
[2020-12-14T06:56:38.573+0000][gc,marking   ] GC(2) Concurrent Preclean
[2020-12-14T06:56:38.573+0000][gc,marking   ] GC(2) Concurrent Preclean 0.131ms
[2020-12-14T06:56:38.573+0000][gc,marking   ] GC(2) Concurrent Mark (1.171s, 1.176s) 4.410ms
[2020-12-14T06:56:38.573+0000][gc,start     ] GC(2) Pause Remark
[2020-12-14T06:56:38.574+0000][gc,stringtable] GC(2) Cleaned string and symbol table, strings: 4906 processed, 0 removed, symbols: 50739 processed, 53 removed
[2020-12-14T06:56:38.574+0000][gc            ] GC(2) Pause Remark 8M->8M(1024M) 1.143ms
[2020-12-14T06:56:38.574+0000][gc,cpu        ] GC(2) User=0.01s Sys=0.00s Real=0.00s
[2020-12-14T06:56:38.574+0000][gc,marking    ] GC(2) Concurrent Rebuild Remembered Sets
[2020-12-14T06:56:38.577+0000][gc,marking    ] GC(2) Concurrent Rebuild Remembered Sets 2.578ms
[2020-12-14T06:56:38.577+0000][gc,start      ] GC(2) Pause Cleanup
[2020-12-14T06:56:38.577+0000][gc            ] GC(2) Pause Cleanup 8M->8M(1024M) 0.186ms
[2020-12-14T06:56:38.577+0000][gc,cpu        ] GC(2) User=0.00s Sys=0.00s Real=0.00s
[2020-12-14T06:56:38.577+0000][gc,marking    ] GC(2) Concurrent Cleanup for Next Mark
[2020-12-14T06:56:38.580+0000][gc,marking    ] GC(2) Concurrent Cleanup for Next Mark 2.559ms
[2020-12-14T06:56:38.580+0000][gc            ] GC(2) Concurrent Cycle 12.451ms
[2020-12-14T06:56:40.701+0000][gc,start      ] GC(3) Pause Young (Normal) (G1 Evacuation Pause)
[2020-12-14T06:56:40.701+0000][gc,task       ] GC(3) Using 10 workers of 10 for evacuation
[2020-12-14T06:56:40.703+0000][gc,phases     ] GC(3)   Pre Evacuate Collection Set: 0.0ms
[2020-12-14T06:56:40.703+0000][gc,phases     ] GC(3)   Evacuate Collection Set: 1.7ms
[2020-12-14T06:56:40.703+0000][gc,phases     ] GC(3)   Post Evacuate Collection Set: 0.5ms
[2020-12-14T06:56:40.703+0000][gc,phases     ] GC(3)   Other: 0.2ms
[2020-12-14T06:56:40.703+0000][gc,heap       ] GC(3) Eden regions: 50->0(46)
[2020-12-14T06:56:40.703+0000][gc,heap       ] GC(3) Survivor regions: 1->5(7)
[2020-12-14T06:56:40.703+0000][gc,heap       ] GC(3) Old regions: 9->9
[2020-12-14T06:56:40.703+0000][gc,heap       ] GC(3) Humongous regions: 129->129
[2020-12-14T06:56:40.703+0000][gc,metaspace  ] GC(3) Metaspace: 28743K->28743K(1075200K)
[2020-12-14T06:56:40.703+0000][gc            ] GC(3) Pause Young (Normal) (G1 Evacuation Pause) 186M->140M(1024M) 2.398ms
[2020-12-14T06:56:40.703+0000][gc,cpu        ] GC(3) User=0.01s Sys=0.01s Real=0.00s
[2020-12-14T06:56:40.904+0000][gc,start      ] GC(4) Pause Young (Concurrent Start) (Metadata GC Threshold)
[2020-12-14T06:56:40.904+0000][gc,task       ] GC(4) Using 10 workers of 10 for evacuation
[2020-12-14T06:56:40.909+0000][gc,phases     ] GC(4)   Pre Evacuate Collection Set: 0.1ms
[2020-12-14T06:56:40.909+0000][gc,phases     ] GC(4)   Evacuate Collection Set: 4.3ms
[2020-12-14T06:56:40.909+0000][gc,phases     ] GC(4)   Post Evacuate Collection Set: 0.5ms
[2020-12-14T06:56:40.909+0000][gc,phases     ] GC(4)   Other: 0.2ms
[2020-12-14T06:56:40.909+0000][gc,heap       ] GC(4) Eden regions: 26->0(45)
[2020-12-14T06:56:40.909+0000][gc,heap       ] GC(4) Survivor regions: 5->6(7)
[2020-12-14T06:56:40.909+0000][gc,heap       ] GC(4) Old regions: 9->9
[2020-12-14T06:56:40.909+0000][gc,heap       ] GC(4) Humongous regions: 129->129
[2020-12-14T06:56:40.909+0000][gc,metaspace  ] GC(4) Metaspace: 34429K->34429K(1081344K)
[2020-12-14T06:56:40.909+0000][gc            ] GC(4) Pause Young (Concurrent Start) (Metadata GC Threshold) 165M->141M(1024M) 5.182ms
[2020-12-14T06:56:40.909+0000][gc,cpu        ] GC(4) User=0.05s Sys=0.00s Real=0.00s
[2020-12-14T06:56:40.909+0000][gc            ] GC(5) Concurrent Cycle
[2020-12-14T06:56:40.909+0000][gc,marking    ] GC(5) Concurrent Clear Claimed Marks
[2020-12-14T06:56:40.909+0000][gc,marking    ] GC(5) Concurrent Clear Claimed Marks 0.065ms
[2020-12-14T06:56:40.909+0000][gc,marking    ] GC(5) Concurrent Scan Root Regions
[2020-12-14T06:56:40.911+0000][gc,marking    ] GC(5) Concurrent Scan Root Regions 1.902ms
[2020-12-14T06:56:40.911+0000][gc,marking    ] GC(5) Concurrent Mark (3.514s)
[2020-12-14T06:56:40.911+0000][gc,marking    ] GC(5) Concurrent Mark From Roots
[2020-12-14T06:56:40.911+0000][gc,task       ] GC(5) Using 3 workers of 3 for marking
[2020-12-14T06:56:40.917+0000][gc,marking    ] GC(5) Concurrent Mark From Roots 5.817ms
[2020-12-14T06:56:40.917+0000][gc,marking    ] GC(5) Concurrent Preclean
[2020-12-14T06:56:40.917+0000][gc,marking    ] GC(5) Concurrent Preclean 0.164ms
[2020-12-14T06:56:40.917+0000][gc,marking    ] GC(5) Concurrent Mark (3.514s, 3.520s) 6.024ms
[2020-12-14T06:56:40.917+0000][gc,start      ] GC(5) Pause Remark
[2020-12-14T06:56:40.919+0000][gc,stringtable] GC(5) Cleaned string and symbol table, strings: 10723 processed, 11 removed, symbols: 80534 processed, 23 removed
[2020-12-14T06:56:40.919+0000][gc            ] GC(5) Pause Remark 143M->143M(1024M) 2.278ms
[2020-12-14T06:56:40.919+0000][gc,cpu        ] GC(5) User=0.02s Sys=0.00s Real=0.00s
[2020-12-14T06:56:40.919+0000][gc,marking    ] GC(5) Concurrent Rebuild Remembered Sets
[2020-12-14T06:56:40.924+0000][gc,marking    ] GC(5) Concurrent Rebuild Remembered Sets 4.407ms
[2020-12-14T06:56:40.924+0000][gc,start      ] GC(5) Pause Cleanup
[2020-12-14T06:56:40.924+0000][gc            ] GC(5) Pause Cleanup 144M->144M(1024M) 0.239ms
[2020-12-14T06:56:40.924+0000][gc,cpu        ] GC(5) User=0.01s Sys=0.00s Real=0.00s
[2020-12-14T06:56:40.924+0000][gc,marking    ] GC(5) Concurrent Cleanup for Next Mark
[2020-12-14T06:56:40.929+0000][gc,marking    ] GC(5) Concurrent Cleanup for Next Mark 4.826ms
[2020-12-14T06:56:40.929+0000][gc            ] GC(5) Concurrent Cycle 20.202ms
[2020-12-14T07:02:50.614+0000][gc,start      ] GC(6) Pause Young (Normal) (G1 Evacuation Pause)
[2020-12-14T07:02:50.615+0000][gc,task       ] GC(6) Using 10 workers of 10 for evacuation
[2020-12-14T07:02:50.623+0000][gc,phases     ] GC(6)   Pre Evacuate Collection Set: 0.1ms
[2020-12-14T07:02:50.623+0000][gc,phases     ] GC(6)   Evacuate Collection Set: 7.9ms
[2020-12-14T07:02:50.623+0000][gc,phases     ] GC(6)   Post Evacuate Collection Set: 0.7ms
[2020-12-14T07:02:50.623+0000][gc,phases     ] GC(6)   Other: 0.4ms
[2020-12-14T07:02:50.623+0000][gc,heap       ] GC(6) Eden regions: 45->0(46)
[2020-12-14T07:02:50.623+0000][gc,heap       ] GC(6) Survivor regions: 6->5(7)
[2020-12-14T07:02:50.623+0000][gc,heap       ] GC(6) Old regions: 9->13
[2020-12-14T07:02:50.623+0000][gc,heap       ] GC(6) Humongous regions: 141->129
[2020-12-14T07:02:50.623+0000][gc,metaspace  ] GC(6) Metaspace: 39537K->39537K(1085440K)
[2020-12-14T07:02:50.623+0000][gc            ] GC(6) Pause Young (Normal) (G1 Evacuation Pause) 198M->144M(1024M) 9.020ms
[2020-12-14T07:02:50.623+0000][gc,cpu        ] GC(6) User=0.08s Sys=0.00s Real=0.01s
[2020-12-14T07:16:31.929+0000][gc,start      ] GC(7) Pause Young (Normal) (G1 Evacuation Pause)
[2020-12-14T07:16:31.929+0000][gc,task       ] GC(7) Using 10 workers of 10 for evacuation
[2020-12-14T07:16:31.935+0000][gc,phases     ] GC(7)   Pre Evacuate Collection Set: 0.1ms
[2020-12-14T07:16:31.935+0000][gc,phases     ] GC(7)   Evacuate Collection Set: 5.6ms
[2020-12-14T07:16:31.935+0000][gc,phases     ] GC(7)   Post Evacuate Collection Set: 0.6ms
[2020-12-14T07:16:31.935+0000][gc,phases     ] GC(7)   Other: 0.4ms
[2020-12-14T07:16:31.935+0000][gc,heap       ] GC(7) Eden regions: 46->0(47)
[2020-12-14T07:16:31.935+0000][gc,heap       ] GC(7) Survivor regions: 5->4(7)
[2020-12-14T07:16:31.935+0000][gc,heap       ] GC(7) Old regions: 13->14
[2020-12-14T07:16:31.935+0000][gc,heap       ] GC(7) Humongous regions: 129->129
[2020-12-14T07:16:31.935+0000][gc,metaspace  ] GC(7) Metaspace: 39866K->39866K(1085440K)
[2020-12-14T07:16:31.935+0000][gc            ] GC(7) Pause Young (Normal) (G1 Evacuation Pause) 190M->145M(1024M) 6.547ms
[2020-12-14T07:16:31.936+0000][gc,cpu        ] GC(7) User=0.06s Sys=0.00s Real=0.01s
