[2020-12-12T12:40:28.317+0000][gc,heap] Heap region size: 1M
[2020-12-12T12:40:28.325+0000][gc     ] Using G1
[2020-12-12T12:40:28.325+0000][gc,heap,coops] Heap address: 0x00000000c0000000, size: 1024 MB, Compressed Oops mode: 32-bit
[2020-12-12T12:40:28.325+0000][gc,cds       ] Mark closed archive regions in map: [0x00000000fff00000, 0x00000000fff69ff8]
[2020-12-12T12:40:28.325+0000][gc,cds       ] Mark open archive regions in map: [0x00000000ffe00000, 0x00000000ffe46ff8]
[2020-12-12T12:40:29.201+0000][gc,start     ] GC(0) Pause Young (Normal) (G1 Evacuation Pause)
[2020-12-12T12:40:29.202+0000][gc,task      ] GC(0) Using 10 workers of 10 for evacuation
[2020-12-12T12:40:29.208+0000][gc,phases    ] GC(0)   Pre Evacuate Collection Set: 0.0ms
[2020-12-12T12:40:29.208+0000][gc,phases    ] GC(0)   Evacuate Collection Set: 5.1ms
[2020-12-12T12:40:29.208+0000][gc,phases    ] GC(0)   Post Evacuate Collection Set: 0.6ms
[2020-12-12T12:40:29.208+0000][gc,phases    ] GC(0)   Other: 1.1ms
[2020-12-12T12:40:29.208+0000][gc,heap      ] GC(0) Eden regions: 51->0(44)
[2020-12-12T12:40:29.208+0000][gc,heap      ] GC(0) Survivor regions: 0->7(7)
[2020-12-12T12:40:29.208+0000][gc,heap      ] GC(0) Old regions: 2->2
[2020-12-12T12:40:29.208+0000][gc,heap      ] GC(0) Humongous regions: 0->0
[2020-12-12T12:40:29.208+0000][gc,metaspace ] GC(0) Metaspace: 16145K->16145K(1062912K)
[2020-12-12T12:40:29.208+0000][gc           ] GC(0) Pause Young (Normal) (G1 Evacuation Pause) 51M->7M(1024M) 6.831ms
[2020-12-12T12:40:29.208+0000][gc,cpu       ] GC(0) User=0.05s Sys=0.00s Real=0.00s
[2020-12-12T12:40:29.401+0000][gc,start     ] GC(1) Pause Young (Concurrent Start) (Metadata GC Threshold)
[2020-12-12T12:40:29.401+0000][gc,task      ] GC(1) Using 10 workers of 10 for evacuation
[2020-12-12T12:40:29.406+0000][gc,phases    ] GC(1)   Pre Evacuate Collection Set: 0.0ms
[2020-12-12T12:40:29.406+0000][gc,phases    ] GC(1)   Evacuate Collection Set: 4.6ms
[2020-12-12T12:40:29.406+0000][gc,phases    ] GC(1)   Post Evacuate Collection Set: 0.5ms
[2020-12-12T12:40:29.406+0000][gc,phases    ] GC(1)   Other: 0.2ms
[2020-12-12T12:40:29.406+0000][gc,heap      ] GC(1) Eden regions: 19->0(50)
[2020-12-12T12:40:29.406+0000][gc,heap      ] GC(1) Survivor regions: 7->1(7)
[2020-12-12T12:40:29.406+0000][gc,heap      ] GC(1) Old regions: 2->9
[2020-12-12T12:40:29.406+0000][gc,heap      ] GC(1) Humongous regions: 0->0
[2020-12-12T12:40:29.406+0000][gc,metaspace ] GC(1) Metaspace: 20592K->20592K(1067008K)
[2020-12-12T12:40:29.406+0000][gc           ] GC(1) Pause Young (Concurrent Start) (Metadata GC Threshold) 25M->7M(1024M) 5.406ms
[2020-12-12T12:40:29.406+0000][gc,cpu       ] GC(1) User=0.03s Sys=0.01s Real=0.00s
[2020-12-12T12:40:29.406+0000][gc           ] GC(2) Concurrent Cycle
[2020-12-12T12:40:29.406+0000][gc,marking   ] GC(2) Concurrent Clear Claimed Marks
[2020-12-12T12:40:29.406+0000][gc,marking   ] GC(2) Concurrent Clear Claimed Marks 0.017ms
[2020-12-12T12:40:29.406+0000][gc,marking   ] GC(2) Concurrent Scan Root Regions
[2020-12-12T12:40:29.407+0000][gc,marking   ] GC(2) Concurrent Scan Root Regions 0.690ms
[2020-12-12T12:40:29.407+0000][gc,marking   ] GC(2) Concurrent Mark (1.092s)
[2020-12-12T12:40:29.407+0000][gc,marking   ] GC(2) Concurrent Mark From Roots
[2020-12-12T12:40:29.407+0000][gc,task      ] GC(2) Using 3 workers of 3 for marking
[2020-12-12T12:40:29.410+0000][gc,marking   ] GC(2) Concurrent Mark From Roots 3.482ms
[2020-12-12T12:40:29.410+0000][gc,marking   ] GC(2) Concurrent Preclean
[2020-12-12T12:40:29.410+0000][gc,marking   ] GC(2) Concurrent Preclean 0.150ms
[2020-12-12T12:40:29.410+0000][gc,marking   ] GC(2) Concurrent Mark (1.092s, 1.096s) 3.674ms
[2020-12-12T12:40:29.411+0000][gc,start     ] GC(2) Pause Remark
[2020-12-12T12:40:29.412+0000][gc,stringtable] GC(2) Cleaned string and symbol table, strings: 4902 processed, 0 removed, symbols: 50750 processed, 53 removed
[2020-12-12T12:40:29.412+0000][gc            ] GC(2) Pause Remark 8M->8M(1024M) 1.279ms
[2020-12-12T12:40:29.412+0000][gc,cpu        ] GC(2) User=0.01s Sys=0.00s Real=0.00s
[2020-12-12T12:40:29.412+0000][gc,marking    ] GC(2) Concurrent Rebuild Remembered Sets
[2020-12-12T12:40:29.414+0000][gc,marking    ] GC(2) Concurrent Rebuild Remembered Sets 2.119ms
[2020-12-12T12:40:29.414+0000][gc,start      ] GC(2) Pause Cleanup
[2020-12-12T12:40:29.414+0000][gc            ] GC(2) Pause Cleanup 8M->8M(1024M) 0.250ms
[2020-12-12T12:40:29.414+0000][gc,cpu        ] GC(2) User=0.01s Sys=0.00s Real=0.00s
[2020-12-12T12:40:29.414+0000][gc,marking    ] GC(2) Concurrent Cleanup for Next Mark
[2020-12-12T12:40:29.417+0000][gc,marking    ] GC(2) Concurrent Cleanup for Next Mark 2.022ms
[2020-12-12T12:40:29.417+0000][gc            ] GC(2) Concurrent Cycle 10.483ms
[2020-12-12T12:40:31.546+0000][gc,start      ] GC(3) Pause Young (Normal) (G1 Evacuation Pause)
[2020-12-12T12:40:31.546+0000][gc,task       ] GC(3) Using 10 workers of 10 for evacuation
[2020-12-12T12:40:31.548+0000][gc,phases     ] GC(3)   Pre Evacuate Collection Set: 0.0ms
[2020-12-12T12:40:31.548+0000][gc,phases     ] GC(3)   Evacuate Collection Set: 1.7ms
[2020-12-12T12:40:31.548+0000][gc,phases     ] GC(3)   Post Evacuate Collection Set: 0.5ms
[2020-12-12T12:40:31.548+0000][gc,phases     ] GC(3)   Other: 0.1ms
[2020-12-12T12:40:31.548+0000][gc,heap       ] GC(3) Eden regions: 50->0(46)
[2020-12-12T12:40:31.548+0000][gc,heap       ] GC(3) Survivor regions: 1->5(7)
[2020-12-12T12:40:31.548+0000][gc,heap       ] GC(3) Old regions: 9->9
[2020-12-12T12:40:31.548+0000][gc,heap       ] GC(3) Humongous regions: 129->129
[2020-12-12T12:40:31.548+0000][gc,metaspace  ] GC(3) Metaspace: 28869K->28869K(1075200K)
[2020-12-12T12:40:31.548+0000][gc            ] GC(3) Pause Young (Normal) (G1 Evacuation Pause) 186M->140M(1024M) 2.418ms
[2020-12-12T12:40:31.548+0000][gc,cpu        ] GC(3) User=0.02s Sys=0.01s Real=0.00s
[2020-12-12T12:40:34.381+0000][gc,heap,exit  ] Heap
[2020-12-12T12:40:34.381+0000][gc,heap,exit  ]  garbage-first heap   total 1048576K, used 154801K [0x00000000c0000000, 0x0000000100000000)
[2020-12-12T12:40:34.381+0000][gc,heap,exit  ]   region size 1024K, 17 young (17408K), 5 survivors (5120K)
[2020-12-12T12:40:34.381+0000][gc,heap,exit  ]  Metaspace       used 30234K, capacity 31335K, committed 31612K, reserved 1077248K
[2020-12-12T12:40:34.381+0000][gc,heap,exit  ]   class space    used 3893K, capacity 4371K, committed 4476K, reserved 1048576K
