[2020-12-12T13:24:21.971+0000][gc,heap] Heap region size: 1M
[2020-12-12T13:24:21.980+0000][gc     ] Using G1
[2020-12-12T13:24:21.980+0000][gc,heap,coops] Heap address: 0x00000000c0000000, size: 1024 MB, Compressed Oops mode: 32-bit
[2020-12-12T13:24:21.980+0000][gc,cds       ] Mark closed archive regions in map: [0x00000000fff00000, 0x00000000fff69ff8]
[2020-12-12T13:24:21.980+0000][gc,cds       ] Mark open archive regions in map: [0x00000000ffe00000, 0x00000000ffe46ff8]
[2020-12-12T13:24:22.899+0000][gc,start     ] GC(0) Pause Young (Normal) (G1 Evacuation Pause)
[2020-12-12T13:24:22.900+0000][gc,task      ] GC(0) Using 10 workers of 10 for evacuation
[2020-12-12T13:24:22.907+0000][gc,phases    ] GC(0)   Pre Evacuate Collection Set: 0.0ms
[2020-12-12T13:24:22.907+0000][gc,phases    ] GC(0)   Evacuate Collection Set: 6.1ms
[2020-12-12T13:24:22.907+0000][gc,phases    ] GC(0)   Post Evacuate Collection Set: 0.5ms
[2020-12-12T13:24:22.907+0000][gc,phases    ] GC(0)   Other: 1.0ms
[2020-12-12T13:24:22.907+0000][gc,heap      ] GC(0) Eden regions: 51->0(44)
[2020-12-12T13:24:22.907+0000][gc,heap      ] GC(0) Survivor regions: 0->7(7)
[2020-12-12T13:24:22.907+0000][gc,heap      ] GC(0) Old regions: 2->2
[2020-12-12T13:24:22.907+0000][gc,heap      ] GC(0) Humongous regions: 0->0
[2020-12-12T13:24:22.907+0000][gc,metaspace ] GC(0) Metaspace: 16308K->16308K(1064960K)
[2020-12-12T13:24:22.907+0000][gc           ] GC(0) Pause Young (Normal) (G1 Evacuation Pause) 51M->7M(1024M) 7.707ms
[2020-12-12T13:24:22.907+0000][gc,cpu       ] GC(0) User=0.06s Sys=0.00s Real=0.01s
[2020-12-12T13:24:23.088+0000][gc,start     ] GC(1) Pause Young (Concurrent Start) (Metadata GC Threshold)
[2020-12-12T13:24:23.088+0000][gc,task      ] GC(1) Using 10 workers of 10 for evacuation
[2020-12-12T13:24:23.095+0000][gc,phases    ] GC(1)   Pre Evacuate Collection Set: 0.0ms
[2020-12-12T13:24:23.095+0000][gc,phases    ] GC(1)   Evacuate Collection Set: 6.3ms
[2020-12-12T13:24:23.095+0000][gc,phases    ] GC(1)   Post Evacuate Collection Set: 0.4ms
[2020-12-12T13:24:23.095+0000][gc,phases    ] GC(1)   Other: 0.2ms
[2020-12-12T13:24:23.095+0000][gc,heap      ] GC(1) Eden regions: 18->0(49)
[2020-12-12T13:24:23.095+0000][gc,heap      ] GC(1) Survivor regions: 7->2(7)
[2020-12-12T13:24:23.095+0000][gc,heap      ] GC(1) Old regions: 2->9
[2020-12-12T13:24:23.095+0000][gc,heap      ] GC(1) Humongous regions: 0->0
[2020-12-12T13:24:23.095+0000][gc,metaspace ] GC(1) Metaspace: 20588K->20588K(1067008K)
[2020-12-12T13:24:23.095+0000][gc           ] GC(1) Pause Young (Concurrent Start) (Metadata GC Threshold) 24M->7M(1024M) 6.978ms
[2020-12-12T13:24:23.095+0000][gc,cpu       ] GC(1) User=0.05s Sys=0.00s Real=0.01s
[2020-12-12T13:24:23.095+0000][gc           ] GC(2) Concurrent Cycle
[2020-12-12T13:24:23.095+0000][gc,marking   ] GC(2) Concurrent Clear Claimed Marks
[2020-12-12T13:24:23.095+0000][gc,marking   ] GC(2) Concurrent Clear Claimed Marks 0.019ms
[2020-12-12T13:24:23.095+0000][gc,marking   ] GC(2) Concurrent Scan Root Regions
[2020-12-12T13:24:23.096+0000][gc,marking   ] GC(2) Concurrent Scan Root Regions 0.880ms
[2020-12-12T13:24:23.096+0000][gc,marking   ] GC(2) Concurrent Mark (1.128s)
[2020-12-12T13:24:23.096+0000][gc,marking   ] GC(2) Concurrent Mark From Roots
[2020-12-12T13:24:23.096+0000][gc,task      ] GC(2) Using 3 workers of 3 for marking
[2020-12-12T13:24:23.100+0000][gc,marking   ] GC(2) Concurrent Mark From Roots 4.096ms
[2020-12-12T13:24:23.100+0000][gc,marking   ] GC(2) Concurrent Preclean
[2020-12-12T13:24:23.100+0000][gc,marking   ] GC(2) Concurrent Preclean 0.137ms
[2020-12-12T13:24:23.100+0000][gc,marking   ] GC(2) Concurrent Mark (1.128s, 1.132s) 4.265ms
[2020-12-12T13:24:23.100+0000][gc,start     ] GC(2) Pause Remark
[2020-12-12T13:24:23.102+0000][gc,stringtable] GC(2) Cleaned string and symbol table, strings: 4903 processed, 0 removed, symbols: 50739 processed, 53 removed
[2020-12-12T13:24:23.102+0000][gc            ] GC(2) Pause Remark 8M->8M(1024M) 1.266ms
[2020-12-12T13:24:23.102+0000][gc,cpu        ] GC(2) User=0.01s Sys=0.00s Real=0.00s
[2020-12-12T13:24:23.102+0000][gc,marking    ] GC(2) Concurrent Rebuild Remembered Sets
[2020-12-12T13:24:23.104+0000][gc,marking    ] GC(2) Concurrent Rebuild Remembered Sets 2.212ms
[2020-12-12T13:24:23.104+0000][gc,start      ] GC(2) Pause Cleanup
[2020-12-12T13:24:23.104+0000][gc            ] GC(2) Pause Cleanup 8M->8M(1024M) 0.182ms
[2020-12-12T13:24:23.104+0000][gc,cpu        ] GC(2) User=0.00s Sys=0.00s Real=0.00s
[2020-12-12T13:24:23.104+0000][gc,marking    ] GC(2) Concurrent Cleanup for Next Mark
[2020-12-12T13:24:23.107+0000][gc,marking    ] GC(2) Concurrent Cleanup for Next Mark 2.202ms
[2020-12-12T13:24:23.107+0000][gc            ] GC(2) Concurrent Cycle 11.500ms
[2020-12-12T13:24:23.687+0000][gc,start      ] GC(3) Pause Young (Normal) (G1 Evacuation Pause)
[2020-12-12T13:24:23.687+0000][gc,task       ] GC(3) Using 10 workers of 10 for evacuation
[2020-12-12T13:24:23.691+0000][gc,phases     ] GC(3)   Pre Evacuate Collection Set: 0.0ms
[2020-12-12T13:24:23.691+0000][gc,phases     ] GC(3)   Evacuate Collection Set: 2.8ms
[2020-12-12T13:24:23.691+0000][gc,phases     ] GC(3)   Post Evacuate Collection Set: 0.5ms
[2020-12-12T13:24:23.691+0000][gc,phases     ] GC(3)   Other: 0.1ms
[2020-12-12T13:24:23.691+0000][gc,heap       ] GC(3) Eden regions: 49->0(46)
[2020-12-12T13:24:23.691+0000][gc,heap       ] GC(3) Survivor regions: 2->5(7)
[2020-12-12T13:24:23.691+0000][gc,heap       ] GC(3) Old regions: 9->9
[2020-12-12T13:24:23.691+0000][gc,heap       ] GC(3) Humongous regions: 129->129
[2020-12-12T13:24:23.691+0000][gc,metaspace  ] GC(3) Metaspace: 29510K->29510K(1075200K)
[2020-12-12T13:24:23.691+0000][gc            ] GC(3) Pause Young (Normal) (G1 Evacuation Pause) 185M->140M(1024M) 3.554ms
[2020-12-12T13:24:23.691+0000][gc,cpu        ] GC(3) User=0.04s Sys=0.00s Real=0.00s
[2020-12-12T13:24:23.862+0000][gc,start      ] GC(4) Pause Young (Concurrent Start) (Metadata GC Threshold)
[2020-12-12T13:24:23.862+0000][gc,task       ] GC(4) Using 10 workers of 10 for evacuation
[2020-12-12T13:24:23.867+0000][gc,phases     ] GC(4)   Pre Evacuate Collection Set: 0.1ms
[2020-12-12T13:24:23.867+0000][gc,phases     ] GC(4)   Evacuate Collection Set: 4.5ms
[2020-12-12T13:24:23.867+0000][gc,phases     ] GC(4)   Post Evacuate Collection Set: 0.5ms
[2020-12-12T13:24:23.867+0000][gc,phases     ] GC(4)   Other: 0.2ms
[2020-12-12T13:24:23.867+0000][gc,heap       ] GC(4) Eden regions: 23->0(49)
[2020-12-12T13:24:23.867+0000][gc,heap       ] GC(4) Survivor regions: 5->2(7)
[2020-12-12T13:24:23.867+0000][gc,heap       ] GC(4) Old regions: 9->13
[2020-12-12T13:24:23.867+0000][gc,heap       ] GC(4) Humongous regions: 129->129
[2020-12-12T13:24:23.867+0000][gc,metaspace  ] GC(4) Metaspace: 34442K->34442K(1081344K)
[2020-12-12T13:24:23.867+0000][gc            ] GC(4) Pause Young (Concurrent Start) (Metadata GC Threshold) 162M->142M(1024M) 5.299ms
[2020-12-12T13:24:23.867+0000][gc,cpu        ] GC(4) User=0.03s Sys=0.00s Real=0.00s
[2020-12-12T13:24:23.867+0000][gc            ] GC(5) Concurrent Cycle
[2020-12-12T13:24:23.867+0000][gc,marking    ] GC(5) Concurrent Clear Claimed Marks
[2020-12-12T13:24:23.867+0000][gc,marking    ] GC(5) Concurrent Clear Claimed Marks 0.077ms
[2020-12-12T13:24:23.867+0000][gc,marking    ] GC(5) Concurrent Scan Root Regions
[2020-12-12T13:24:23.868+0000][gc,marking    ] GC(5) Concurrent Scan Root Regions 1.214ms
[2020-12-12T13:24:23.868+0000][gc,marking    ] GC(5) Concurrent Mark (1.900s)
[2020-12-12T13:24:23.869+0000][gc,marking    ] GC(5) Concurrent Mark From Roots
[2020-12-12T13:24:23.869+0000][gc,task       ] GC(5) Using 3 workers of 3 for marking
[2020-12-12T13:24:23.879+0000][gc,marking    ] GC(5) Concurrent Mark From Roots 10.009ms
[2020-12-12T13:24:23.879+0000][gc,marking    ] GC(5) Concurrent Preclean
[2020-12-12T13:24:23.879+0000][gc,marking    ] GC(5) Concurrent Preclean 0.262ms
[2020-12-12T13:24:23.879+0000][gc,marking    ] GC(5) Concurrent Mark (1.900s, 1.911s) 10.330ms
[2020-12-12T13:24:23.879+0000][gc,start      ] GC(5) Pause Remark
[2020-12-12T13:24:23.882+0000][gc,stringtable] GC(5) Cleaned string and symbol table, strings: 10631 processed, 10 removed, symbols: 80775 processed, 22 removed
[2020-12-12T13:24:23.882+0000][gc            ] GC(5) Pause Remark 143M->143M(1024M) 3.080ms
[2020-12-12T13:24:23.882+0000][gc,cpu        ] GC(5) User=0.03s Sys=0.00s Real=0.01s
[2020-12-12T13:24:23.882+0000][gc,marking    ] GC(5) Concurrent Rebuild Remembered Sets
[2020-12-12T13:24:23.889+0000][gc,marking    ] GC(5) Concurrent Rebuild Remembered Sets 6.818ms
[2020-12-12T13:24:23.889+0000][gc,start      ] GC(5) Pause Cleanup
[2020-12-12T13:24:23.889+0000][gc            ] GC(5) Pause Cleanup 144M->144M(1024M) 0.200ms
[2020-12-12T13:24:23.889+0000][gc,cpu        ] GC(5) User=0.01s Sys=0.00s Real=0.00s
[2020-12-12T13:24:23.889+0000][gc,marking    ] GC(5) Concurrent Cleanup for Next Mark
[2020-12-12T13:24:23.892+0000][gc,marking    ] GC(5) Concurrent Cleanup for Next Mark 3.154ms
[2020-12-12T13:24:23.893+0000][gc            ] GC(5) Concurrent Cycle 25.391ms
[2020-12-12T13:31:19.043+0000][gc,start      ] GC(6) Pause Young (Normal) (G1 Evacuation Pause)
[2020-12-12T13:31:19.043+0000][gc,task       ] GC(6) Using 10 workers of 10 for evacuation
[2020-12-12T13:31:19.050+0000][gc,phases     ] GC(6)   Pre Evacuate Collection Set: 0.1ms
[2020-12-12T13:31:19.050+0000][gc,phases     ] GC(6)   Evacuate Collection Set: 6.3ms
[2020-12-12T13:31:19.050+0000][gc,phases     ] GC(6)   Post Evacuate Collection Set: 0.6ms
[2020-12-12T13:31:19.050+0000][gc,phases     ] GC(6)   Other: 0.4ms
[2020-12-12T13:31:19.050+0000][gc,heap       ] GC(6) Eden regions: 49->0(46)
[2020-12-12T13:31:19.050+0000][gc,heap       ] GC(6) Survivor regions: 2->5(7)
[2020-12-12T13:31:19.050+0000][gc,heap       ] GC(6) Old regions: 13->13
[2020-12-12T13:31:19.050+0000][gc,heap       ] GC(6) Humongous regions: 141->129
[2020-12-12T13:31:19.050+0000][gc,metaspace  ] GC(6) Metaspace: 39521K->39521K(1085440K)
[2020-12-12T13:31:19.050+0000][gc            ] GC(6) Pause Young (Normal) (G1 Evacuation Pause) 203M->145M(1024M) 7.478ms
[2020-12-12T13:31:19.050+0000][gc,cpu        ] GC(6) User=0.06s Sys=0.00s Real=0.00s
[2020-12-12T13:44:53.610+0000][gc,start      ] GC(7) Pause Young (Normal) (G1 Evacuation Pause)
[2020-12-12T13:44:53.610+0000][gc,task       ] GC(7) Using 10 workers of 10 for evacuation
[2020-12-12T13:44:53.616+0000][gc,phases     ] GC(7)   Pre Evacuate Collection Set: 0.1ms
[2020-12-12T13:44:53.616+0000][gc,phases     ] GC(7)   Evacuate Collection Set: 5.8ms
[2020-12-12T13:44:53.616+0000][gc,phases     ] GC(7)   Post Evacuate Collection Set: 0.6ms
[2020-12-12T13:44:53.616+0000][gc,phases     ] GC(7)   Other: 0.4ms
[2020-12-12T13:44:53.616+0000][gc,heap       ] GC(7) Eden regions: 46->0(48)
[2020-12-12T13:44:53.616+0000][gc,heap       ] GC(7) Survivor regions: 5->3(7)
[2020-12-12T13:44:53.616+0000][gc,heap       ] GC(7) Old regions: 13->16
[2020-12-12T13:44:53.616+0000][gc,heap       ] GC(7) Humongous regions: 129->129
[2020-12-12T13:44:53.616+0000][gc,metaspace  ] GC(7) Metaspace: 39815K->39815K(1085440K)
[2020-12-12T13:44:53.616+0000][gc            ] GC(7) Pause Young (Normal) (G1 Evacuation Pause) 191M->145M(1024M) 6.784ms
[2020-12-12T13:44:53.616+0000][gc,cpu        ] GC(7) User=0.05s Sys=0.01s Real=0.01s
[2020-12-12T14:00:18.143+0000][gc,start      ] GC(8) Pause Young (Normal) (G1 Evacuation Pause)
[2020-12-12T14:00:18.143+0000][gc,task       ] GC(8) Using 10 workers of 10 for evacuation
[2020-12-12T14:00:18.149+0000][gc,phases     ] GC(8)   Pre Evacuate Collection Set: 0.1ms
[2020-12-12T14:00:18.149+0000][gc,phases     ] GC(8)   Evacuate Collection Set: 5.2ms
[2020-12-12T14:00:18.149+0000][gc,phases     ] GC(8)   Post Evacuate Collection Set: 0.4ms
[2020-12-12T14:00:18.149+0000][gc,phases     ] GC(8)   Other: 0.4ms
[2020-12-12T14:00:18.149+0000][gc,heap       ] GC(8) Eden regions: 48->0(47)
[2020-12-12T14:00:18.149+0000][gc,heap       ] GC(8) Survivor regions: 3->4(7)
[2020-12-12T14:00:18.149+0000][gc,heap       ] GC(8) Old regions: 16->16
[2020-12-12T14:00:18.149+0000][gc,heap       ] GC(8) Humongous regions: 129->129
[2020-12-12T14:00:18.149+0000][gc,metaspace  ] GC(8) Metaspace: 40059K->40059K(1085440K)
[2020-12-12T14:00:18.149+0000][gc            ] GC(8) Pause Young (Normal) (G1 Evacuation Pause) 193M->146M(1024M) 6.103ms
[2020-12-12T14:00:18.149+0000][gc,cpu        ] GC(8) User=0.06s Sys=0.00s Real=0.00s
[2020-12-12T14:16:09.043+0000][gc,start      ] GC(9) Pause Young (Normal) (G1 Evacuation Pause)
[2020-12-12T14:16:09.043+0000][gc,task       ] GC(9) Using 10 workers of 10 for evacuation
[2020-12-12T14:16:09.047+0000][gc,phases     ] GC(9)   Pre Evacuate Collection Set: 0.1ms
[2020-12-12T14:16:09.047+0000][gc,phases     ] GC(9)   Evacuate Collection Set: 3.7ms
[2020-12-12T14:16:09.047+0000][gc,phases     ] GC(9)   Post Evacuate Collection Set: 0.5ms
[2020-12-12T14:16:09.047+0000][gc,phases     ] GC(9)   Other: 0.4ms
[2020-12-12T14:16:09.047+0000][gc,heap       ] GC(9) Eden regions: 47->0(46)
[2020-12-12T14:16:09.047+0000][gc,heap       ] GC(9) Survivor regions: 4->5(7)
[2020-12-12T14:16:09.047+0000][gc,heap       ] GC(9) Old regions: 16->16
[2020-12-12T14:16:09.047+0000][gc,heap       ] GC(9) Humongous regions: 129->129
[2020-12-12T14:16:09.047+0000][gc,metaspace  ] GC(9) Metaspace: 40371K->40371K(1085440K)
[2020-12-12T14:16:09.047+0000][gc            ] GC(9) Pause Young (Normal) (G1 Evacuation Pause) 193M->147M(1024M) 4.649ms
[2020-12-12T14:16:09.047+0000][gc,cpu        ] GC(9) User=0.04s Sys=0.00s Real=0.00s
[2020-12-12T14:30:38.870+0000][gc,start      ] GC(10) Pause Young (Normal) (G1 Evacuation Pause)
[2020-12-12T14:30:38.870+0000][gc,task       ] GC(10) Using 10 workers of 10 for evacuation
[2020-12-12T14:30:38.877+0000][gc,phases     ] GC(10)   Pre Evacuate Collection Set: 0.1ms
[2020-12-12T14:30:38.877+0000][gc,phases     ] GC(10)   Evacuate Collection Set: 6.6ms
[2020-12-12T14:30:38.877+0000][gc,phases     ] GC(10)   Post Evacuate Collection Set: 0.5ms
[2020-12-12T14:30:38.877+0000][gc,phases     ] GC(10)   Other: 0.4ms
[2020-12-12T14:30:38.877+0000][gc,heap       ] GC(10) Eden regions: 46->0(48)
[2020-12-12T14:30:38.877+0000][gc,heap       ] GC(10) Survivor regions: 5->6(7)
[2020-12-12T14:30:38.877+0000][gc,heap       ] GC(10) Old regions: 16->18
[2020-12-12T14:30:38.877+0000][gc,heap       ] GC(10) Humongous regions: 129->129
[2020-12-12T14:30:38.877+0000][gc,metaspace  ] GC(10) Metaspace: 40454K->40454K(1085440K)
[2020-12-12T14:30:38.878+0000][gc            ] GC(10) Pause Young (Normal) (G1 Evacuation Pause) 193M->150M(1024M) 7.568ms
[2020-12-12T14:30:38.878+0000][gc,cpu        ] GC(10) User=0.06s Sys=0.00s Real=0.01s
[2020-12-12T14:46:53.310+0000][gc,start      ] GC(11) Pause Young (Normal) (G1 Evacuation Pause)
[2020-12-12T14:46:53.310+0000][gc,task       ] GC(11) Using 10 workers of 10 for evacuation
[2020-12-12T14:46:53.317+0000][gc,phases     ] GC(11)   Pre Evacuate Collection Set: 0.1ms
[2020-12-12T14:46:53.317+0000][gc,phases     ] GC(11)   Evacuate Collection Set: 5.8ms
[2020-12-12T14:46:53.317+0000][gc,phases     ] GC(11)   Post Evacuate Collection Set: 0.4ms
[2020-12-12T14:46:53.317+0000][gc,phases     ] GC(11)   Other: 0.4ms
[2020-12-12T14:46:53.317+0000][gc,heap       ] GC(11) Eden regions: 48->0(60)
[2020-12-12T14:46:53.317+0000][gc,heap       ] GC(11) Survivor regions: 6->3(7)
[2020-12-12T14:46:53.317+0000][gc,heap       ] GC(11) Old regions: 18->21
[2020-12-12T14:46:53.317+0000][gc,heap       ] GC(11) Humongous regions: 129->129
[2020-12-12T14:46:53.317+0000][gc,metaspace  ] GC(11) Metaspace: 40466K->40466K(1085440K)
[2020-12-12T14:46:53.317+0000][gc            ] GC(11) Pause Young (Normal) (G1 Evacuation Pause) 198M->151M(1024M) 6.690ms
[2020-12-12T14:46:53.317+0000][gc,cpu        ] GC(11) User=0.06s Sys=0.00s Real=0.01s
[2020-12-12T15:07:02.157+0000][gc,start      ] GC(12) Pause Young (Normal) (G1 Evacuation Pause)
[2020-12-12T15:07:02.157+0000][gc,task       ] GC(12) Using 10 workers of 10 for evacuation
[2020-12-12T15:07:02.162+0000][gc,phases     ] GC(12)   Pre Evacuate Collection Set: 0.1ms
[2020-12-12T15:07:02.162+0000][gc,phases     ] GC(12)   Evacuate Collection Set: 4.5ms
[2020-12-12T15:07:02.162+0000][gc,phases     ] GC(12)   Post Evacuate Collection Set: 0.5ms
[2020-12-12T15:07:02.162+0000][gc,phases     ] GC(12)   Other: 0.4ms
[2020-12-12T15:07:02.162+0000][gc,heap       ] GC(12) Eden regions: 60->0(320)
[2020-12-12T15:07:02.162+0000][gc,heap       ] GC(12) Survivor regions: 3->3(8)
[2020-12-12T15:07:02.162+0000][gc,heap       ] GC(12) Old regions: 21->21
[2020-12-12T15:07:02.162+0000][gc,heap       ] GC(12) Humongous regions: 129->129
[2020-12-12T15:07:02.162+0000][gc,metaspace  ] GC(12) Metaspace: 40489K->40489K(1085440K)
[2020-12-12T15:07:02.162+0000][gc            ] GC(12) Pause Young (Normal) (G1 Evacuation Pause) 211M->150M(1024M) 5.440ms
[2020-12-12T15:07:02.162+0000][gc,cpu        ] GC(12) User=0.05s Sys=0.00s Real=0.01s
[2020-12-12T16:54:17.366+0000][gc,start      ] GC(13) Pause Young (Normal) (G1 Evacuation Pause)
[2020-12-12T16:54:17.366+0000][gc,task       ] GC(13) Using 10 workers of 10 for evacuation
[2020-12-12T16:54:17.371+0000][gc,phases     ] GC(13)   Pre Evacuate Collection Set: 0.1ms
[2020-12-12T16:54:17.371+0000][gc,phases     ] GC(13)   Evacuate Collection Set: 4.2ms
[2020-12-12T16:54:17.371+0000][gc,phases     ] GC(13)   Post Evacuate Collection Set: 0.5ms
[2020-12-12T16:54:17.371+0000][gc,phases     ] GC(13)   Other: 0.6ms
[2020-12-12T16:54:17.371+0000][gc,heap       ] GC(13) Eden regions: 318->0(610)
[2020-12-12T16:54:17.371+0000][gc,heap       ] GC(13) Survivor regions: 3->4(41)
[2020-12-12T16:54:17.371+0000][gc,heap       ] GC(13) Old regions: 21->21
[2020-12-12T16:54:17.371+0000][gc,heap       ] GC(13) Humongous regions: 129->129
[2020-12-12T16:54:17.371+0000][gc,metaspace  ] GC(13) Metaspace: 40616K->40616K(1085440K)
[2020-12-12T16:54:17.371+0000][gc            ] GC(13) Pause Young (Normal) (G1 Evacuation Pause) 468M->152M(1024M) 5.322ms
[2020-12-12T16:54:17.371+0000][gc,cpu        ] GC(13) User=0.03s Sys=0.01s Real=0.00s
[2020-12-12T20:21:06.902+0000][gc,start      ] GC(14) Pause Young (Normal) (G1 Evacuation Pause)
[2020-12-12T20:21:06.902+0000][gc,task       ] GC(14) Using 10 workers of 10 for evacuation
[2020-12-12T20:21:06.907+0000][gc,phases     ] GC(14)   Pre Evacuate Collection Set: 0.0ms
[2020-12-12T20:21:06.907+0000][gc,phases     ] GC(14)   Evacuate Collection Set: 3.5ms
[2020-12-12T20:21:06.907+0000][gc,phases     ] GC(14)   Post Evacuate Collection Set: 0.7ms
[2020-12-12T20:21:06.907+0000][gc,phases     ] GC(14)   Other: 0.3ms
[2020-12-12T20:21:06.907+0000][gc,heap       ] GC(14) Eden regions: 606->0(608)
[2020-12-12T20:21:06.907+0000][gc,heap       ] GC(14) Survivor regions: 4->6(77)
[2020-12-12T20:21:06.907+0000][gc,heap       ] GC(14) Old regions: 21->21
[2020-12-12T20:21:06.907+0000][gc,heap       ] GC(14) Humongous regions: 129->129
[2020-12-12T20:21:06.907+0000][gc,metaspace  ] GC(14) Metaspace: 40671K->40671K(1085440K)
[2020-12-12T20:21:06.907+0000][gc            ] GC(14) Pause Young (Normal) (G1 Evacuation Pause) 758M->153M(1024M) 4.712ms
[2020-12-12T20:21:06.907+0000][gc,cpu        ] GC(14) User=0.04s Sys=0.00s Real=0.00s
[2020-12-12T23:47:53.314+0000][gc,start      ] GC(15) Pause Young (Normal) (G1 Evacuation Pause)
[2020-12-12T23:47:53.314+0000][gc,task       ] GC(15) Using 10 workers of 10 for evacuation
[2020-12-12T23:47:53.317+0000][gc,phases     ] GC(15)   Pre Evacuate Collection Set: 0.0ms
[2020-12-12T23:47:53.317+0000][gc,phases     ] GC(15)   Evacuate Collection Set: 2.2ms
[2020-12-12T23:47:53.317+0000][gc,phases     ] GC(15)   Post Evacuate Collection Set: 0.5ms
[2020-12-12T23:47:53.317+0000][gc,phases     ] GC(15)   Other: 0.2ms
[2020-12-12T23:47:53.317+0000][gc,heap       ] GC(15) Eden regions: 608->0(609)
[2020-12-12T23:47:53.317+0000][gc,heap       ] GC(15) Survivor regions: 6->5(77)
[2020-12-12T23:47:53.317+0000][gc,heap       ] GC(15) Old regions: 21->21
[2020-12-12T23:47:53.317+0000][gc,heap       ] GC(15) Humongous regions: 129->129
[2020-12-12T23:47:53.317+0000][gc,metaspace  ] GC(15) Metaspace: 40735K->40735K(1085440K)
[2020-12-12T23:47:53.317+0000][gc            ] GC(15) Pause Young (Normal) (G1 Evacuation Pause) 761M->152M(1024M) 2.956ms
[2020-12-12T23:47:53.317+0000][gc,cpu        ] GC(15) User=0.02s Sys=0.00s Real=0.00s
[2020-12-13T03:17:04.043+0000][gc,start      ] GC(16) Pause Young (Normal) (G1 Evacuation Pause)
[2020-12-13T03:17:04.043+0000][gc,task       ] GC(16) Using 10 workers of 10 for evacuation
[2020-12-13T03:17:04.049+0000][gc,phases     ] GC(16)   Pre Evacuate Collection Set: 0.1ms
[2020-12-13T03:17:04.049+0000][gc,phases     ] GC(16)   Evacuate Collection Set: 5.5ms
[2020-12-13T03:17:04.049+0000][gc,phases     ] GC(16)   Post Evacuate Collection Set: 0.6ms
[2020-12-13T03:17:04.049+0000][gc,phases     ] GC(16)   Other: 0.5ms
[2020-12-13T03:17:04.049+0000][gc,heap       ] GC(16) Eden regions: 609->0(609)
[2020-12-13T03:17:04.049+0000][gc,heap       ] GC(16) Survivor regions: 5->5(77)
[2020-12-13T03:17:04.049+0000][gc,heap       ] GC(16) Old regions: 21->21
[2020-12-13T03:17:04.049+0000][gc,heap       ] GC(16) Humongous regions: 129->129
[2020-12-13T03:17:04.049+0000][gc,metaspace  ] GC(16) Metaspace: 40754K->40754K(1085440K)
[2020-12-13T03:17:04.049+0000][gc            ] GC(16) Pause Young (Normal) (G1 Evacuation Pause) 761M->153M(1024M) 6.803ms
[2020-12-13T03:17:04.049+0000][gc,cpu        ] GC(16) User=0.06s Sys=0.00s Real=0.00s
[2020-12-13T06:44:29.234+0000][gc,start      ] GC(17) Pause Young (Normal) (G1 Evacuation Pause)
[2020-12-13T06:44:29.234+0000][gc,task       ] GC(17) Using 10 workers of 10 for evacuation
[2020-12-13T06:44:29.236+0000][gc,phases     ] GC(17)   Pre Evacuate Collection Set: 0.0ms
[2020-12-13T06:44:29.236+0000][gc,phases     ] GC(17)   Evacuate Collection Set: 1.8ms
[2020-12-13T06:44:29.236+0000][gc,phases     ] GC(17)   Post Evacuate Collection Set: 0.5ms
[2020-12-13T06:44:29.236+0000][gc,phases     ] GC(17)   Other: 0.2ms
[2020-12-13T06:44:29.236+0000][gc,heap       ] GC(17) Eden regions: 609->0(609)
[2020-12-13T06:44:29.236+0000][gc,heap       ] GC(17) Survivor regions: 5->5(77)
[2020-12-13T06:44:29.237+0000][gc,heap       ] GC(17) Old regions: 21->21
[2020-12-13T06:44:29.237+0000][gc,heap       ] GC(17) Humongous regions: 129->129
[2020-12-13T06:44:29.237+0000][gc,metaspace  ] GC(17) Metaspace: 40791K->40791K(1085440K)
[2020-12-13T06:44:29.237+0000][gc            ] GC(17) Pause Young (Normal) (G1 Evacuation Pause) 762M->152M(1024M) 2.554ms
[2020-12-13T06:44:29.237+0000][gc,cpu        ] GC(17) User=0.02s Sys=0.00s Real=0.00s
[2020-12-13T10:13:53.317+0000][gc,start      ] GC(18) Pause Young (Normal) (G1 Evacuation Pause)
[2020-12-13T10:13:53.318+0000][gc,task       ] GC(18) Using 10 workers of 10 for evacuation
[2020-12-13T10:13:53.324+0000][gc,phases     ] GC(18)   Pre Evacuate Collection Set: 0.1ms
[2020-12-13T10:13:53.324+0000][gc,phases     ] GC(18)   Evacuate Collection Set: 5.4ms
[2020-12-13T10:13:53.324+0000][gc,phases     ] GC(18)   Post Evacuate Collection Set: 0.6ms
[2020-12-13T10:13:53.324+0000][gc,phases     ] GC(18)   Other: 0.5ms
[2020-12-13T10:13:53.324+0000][gc,heap       ] GC(18) Eden regions: 609->0(609)
[2020-12-13T10:13:53.324+0000][gc,heap       ] GC(18) Survivor regions: 5->5(77)
[2020-12-13T10:13:53.324+0000][gc,heap       ] GC(18) Old regions: 21->21
[2020-12-13T10:13:53.324+0000][gc,heap       ] GC(18) Humongous regions: 129->129
[2020-12-13T10:13:53.324+0000][gc,metaspace  ] GC(18) Metaspace: 40845K->40845K(1085440K)
[2020-12-13T10:13:53.324+0000][gc            ] GC(18) Pause Young (Normal) (G1 Evacuation Pause) 761M->152M(1024M) 6.619ms
[2020-12-13T10:13:53.324+0000][gc,cpu        ] GC(18) User=0.06s Sys=0.00s Real=0.01s
[2020-12-13T13:41:44.054+0000][gc,start      ] GC(19) Pause Young (Normal) (G1 Evacuation Pause)
[2020-12-13T13:41:44.054+0000][gc,task       ] GC(19) Using 10 workers of 10 for evacuation
[2020-12-13T13:41:44.060+0000][gc,phases     ] GC(19)   Pre Evacuate Collection Set: 0.1ms
[2020-12-13T13:41:44.060+0000][gc,phases     ] GC(19)   Evacuate Collection Set: 4.9ms
[2020-12-13T13:41:44.060+0000][gc,phases     ] GC(19)   Post Evacuate Collection Set: 0.7ms
[2020-12-13T13:41:44.060+0000][gc,phases     ] GC(19)   Other: 0.5ms
[2020-12-13T13:41:44.060+0000][gc,heap       ] GC(19) Eden regions: 609->0(609)
[2020-12-13T13:41:44.060+0000][gc,heap       ] GC(19) Survivor regions: 5->5(77)
[2020-12-13T13:41:44.060+0000][gc,heap       ] GC(19) Old regions: 21->21
[2020-12-13T13:41:44.060+0000][gc,heap       ] GC(19) Humongous regions: 129->129
[2020-12-13T13:41:44.060+0000][gc,metaspace  ] GC(19) Metaspace: 40881K->40881K(1087488K)
[2020-12-13T13:41:44.060+0000][gc            ] GC(19) Pause Young (Normal) (G1 Evacuation Pause) 761M->152M(1024M) 6.181ms
[2020-12-13T13:41:44.060+0000][gc,cpu        ] GC(19) User=0.05s Sys=0.00s Real=0.01s
[2020-12-13T17:10:45.937+0000][gc,start      ] GC(20) Pause Young (Normal) (G1 Evacuation Pause)
[2020-12-13T17:10:45.937+0000][gc,task       ] GC(20) Using 10 workers of 10 for evacuation
[2020-12-13T17:10:45.942+0000][gc,phases     ] GC(20)   Pre Evacuate Collection Set: 0.1ms
[2020-12-13T17:10:45.942+0000][gc,phases     ] GC(20)   Evacuate Collection Set: 4.0ms
[2020-12-13T17:10:45.942+0000][gc,phases     ] GC(20)   Post Evacuate Collection Set: 0.7ms
[2020-12-13T17:10:45.942+0000][gc,phases     ] GC(20)   Other: 0.5ms
[2020-12-13T17:10:45.942+0000][gc,heap       ] GC(20) Eden regions: 609->0(609)
[2020-12-13T17:10:45.942+0000][gc,heap       ] GC(20) Survivor regions: 5->5(77)
[2020-12-13T17:10:45.942+0000][gc,heap       ] GC(20) Old regions: 21->21
[2020-12-13T17:10:45.942+0000][gc,heap       ] GC(20) Humongous regions: 129->129
[2020-12-13T17:10:45.942+0000][gc,metaspace  ] GC(20) Metaspace: 40883K->40883K(1087488K)
[2020-12-13T17:10:45.942+0000][gc            ] GC(20) Pause Young (Normal) (G1 Evacuation Pause) 761M->152M(1024M) 5.310ms
[2020-12-13T17:10:45.942+0000][gc,cpu        ] GC(20) User=0.04s Sys=0.00s Real=0.01s
[2020-12-13T20:38:42.908+0000][gc,start      ] GC(21) Pause Young (Normal) (G1 Evacuation Pause)
[2020-12-13T20:38:42.908+0000][gc,task       ] GC(21) Using 10 workers of 10 for evacuation
[2020-12-13T20:38:42.914+0000][gc,phases     ] GC(21)   Pre Evacuate Collection Set: 0.1ms
[2020-12-13T20:38:42.914+0000][gc,phases     ] GC(21)   Evacuate Collection Set: 5.3ms
[2020-12-13T20:38:42.914+0000][gc,phases     ] GC(21)   Post Evacuate Collection Set: 0.5ms
[2020-12-13T20:38:42.914+0000][gc,phases     ] GC(21)   Other: 0.6ms
[2020-12-13T20:38:42.914+0000][gc,heap       ] GC(21) Eden regions: 609->0(609)
[2020-12-13T20:38:42.914+0000][gc,heap       ] GC(21) Survivor regions: 5->5(77)
[2020-12-13T20:38:42.914+0000][gc,heap       ] GC(21) Old regions: 21->21
[2020-12-13T20:38:42.914+0000][gc,heap       ] GC(21) Humongous regions: 129->129
[2020-12-13T20:38:42.914+0000][gc,metaspace  ] GC(21) Metaspace: 40894K->40894K(1087488K)
[2020-12-13T20:38:42.914+0000][gc            ] GC(21) Pause Young (Normal) (G1 Evacuation Pause) 761M->152M(1024M) 6.502ms
[2020-12-13T20:38:42.914+0000][gc,cpu        ] GC(21) User=0.06s Sys=0.00s Real=0.01s
[2020-12-14T00:08:24.574+0000][gc,start      ] GC(22) Pause Young (Normal) (G1 Evacuation Pause)
[2020-12-14T00:08:24.575+0000][gc,task       ] GC(22) Using 10 workers of 10 for evacuation
[2020-12-14T00:08:24.581+0000][gc,phases     ] GC(22)   Pre Evacuate Collection Set: 0.1ms
[2020-12-14T00:08:24.581+0000][gc,phases     ] GC(22)   Evacuate Collection Set: 5.0ms
[2020-12-14T00:08:24.581+0000][gc,phases     ] GC(22)   Post Evacuate Collection Set: 0.6ms
[2020-12-14T00:08:24.581+0000][gc,phases     ] GC(22)   Other: 0.5ms
[2020-12-14T00:08:24.581+0000][gc,heap       ] GC(22) Eden regions: 609->0(609)
[2020-12-14T00:08:24.581+0000][gc,heap       ] GC(22) Survivor regions: 5->5(77)
[2020-12-14T00:08:24.581+0000][gc,heap       ] GC(22) Old regions: 21->21
[2020-12-14T00:08:24.581+0000][gc,heap       ] GC(22) Humongous regions: 129->129
[2020-12-14T00:08:24.581+0000][gc,metaspace  ] GC(22) Metaspace: 40949K->40949K(1087488K)
[2020-12-14T00:08:24.581+0000][gc            ] GC(22) Pause Young (Normal) (G1 Evacuation Pause) 761M->152M(1024M) 6.118ms
[2020-12-14T00:08:24.581+0000][gc,cpu        ] GC(22) User=0.06s Sys=0.00s Real=0.01s
[2020-12-14T03:36:39.121+0000][gc,start      ] GC(23) Pause Young (Normal) (G1 Evacuation Pause)
[2020-12-14T03:36:39.121+0000][gc,task       ] GC(23) Using 10 workers of 10 for evacuation
[2020-12-14T03:36:39.124+0000][gc,phases     ] GC(23)   Pre Evacuate Collection Set: 0.1ms
[2020-12-14T03:36:39.124+0000][gc,phases     ] GC(23)   Evacuate Collection Set: 1.7ms
[2020-12-14T03:36:39.124+0000][gc,phases     ] GC(23)   Post Evacuate Collection Set: 0.6ms
[2020-12-14T03:36:39.124+0000][gc,phases     ] GC(23)   Other: 0.6ms
[2020-12-14T03:36:39.124+0000][gc,heap       ] GC(23) Eden regions: 609->0(609)
[2020-12-14T03:36:39.124+0000][gc,heap       ] GC(23) Survivor regions: 5->5(77)
[2020-12-14T03:36:39.124+0000][gc,heap       ] GC(23) Old regions: 21->21
[2020-12-14T03:36:39.124+0000][gc,heap       ] GC(23) Humongous regions: 129->129
[2020-12-14T03:36:39.124+0000][gc,metaspace  ] GC(23) Metaspace: 40949K->40949K(1087488K)
[2020-12-14T03:36:39.124+0000][gc            ] GC(23) Pause Young (Normal) (G1 Evacuation Pause) 761M->152M(1024M) 2.933ms
[2020-12-14T03:36:39.124+0000][gc,cpu        ] GC(23) User=0.01s Sys=0.00s Real=0.00s
