[2021-05-08T12:16:43.728+0000][gc,heap] Heap region size: 1M
[2021-05-08T12:16:43.736+0000][gc     ] Using G1
[2021-05-08T12:16:43.736+0000][gc,heap,coops] Heap address: 0x00000000e0000000, size: 512 MB, Compressed Oops mode: 32-bit
[2021-05-08T12:16:43.737+0000][gc,cds       ] Mark closed archive regions in map: [0x00000000fff00000, 0x00000000fff69ff8]
[2021-05-08T12:16:43.737+0000][gc,cds       ] Mark open archive regions in map: [0x00000000ffe00000, 0x00000000ffe46ff8]
[2021-05-10T00:37:41.462+0000][gc,start     ] GC(0) Pause Young (Normal) (G1 Evacuation Pause)
[2021-05-10T00:37:41.463+0000][gc,task      ] GC(0) Using 10 workers of 10 for evacuation
[2021-05-10T00:37:41.476+0000][gc,phases    ] GC(0)   Pre Evacuate Collection Set: 0.0ms
[2021-05-10T00:37:41.476+0000][gc,phases    ] GC(0)   Evacuate Collection Set: 11.5ms
[2021-05-10T00:37:41.476+0000][gc,phases    ] GC(0)   Post Evacuate Collection Set: 0.6ms
[2021-05-10T00:37:41.476+0000][gc,phases    ] GC(0)   Other: 1.9ms
[2021-05-10T00:37:41.476+0000][gc,heap      ] GC(0) Eden regions: 25->0(21)
[2021-05-10T00:37:41.476+0000][gc,heap      ] GC(0) Survivor regions: 0->4(4)
[2021-05-10T00:37:41.476+0000][gc,heap      ] GC(0) Old regions: 2->4
[2021-05-10T00:37:41.476+0000][gc,heap      ] GC(0) Humongous regions: 0->0
[2021-05-10T00:37:41.476+0000][gc,metaspace ] GC(0) Metaspace: 7319K->7319K(1056768K)
[2021-05-10T00:37:41.476+0000][gc           ] GC(0) Pause Young (Normal) (G1 Evacuation Pause) 25M->5M(512M) 14.162ms
[2021-05-10T00:37:41.476+0000][gc,cpu       ] GC(0) User=0.12s Sys=0.00s Real=0.02s
