[2021-04-10T10:33:50.365+0000][gc,heap] Heap region size: 1M
[2021-04-10T10:33:50.378+0000][gc     ] Using G1
[2021-04-10T10:33:50.378+0000][gc,heap,coops] Heap address: 0x00000000e0000000, size: 512 MB, Compressed Oops mode: 32-bit
[2021-04-10T10:33:50.378+0000][gc,cds       ] Mark closed archive regions in map: [0x00000000fff00000, 0x00000000fff69ff8]
[2021-04-10T10:33:50.378+0000][gc,cds       ] Mark open archive regions in map: [0x00000000ffe00000, 0x00000000ffe46ff8]
[2021-04-11T22:54:24.947+0000][gc,start     ] GC(0) Pause Young (Normal) (G1 Evacuation Pause)
[2021-04-11T22:54:24.950+0000][gc,task      ] GC(0) Using 10 workers of 10 for evacuation
[2021-04-11T22:54:24.971+0000][gc,mmu       ] GC(0) MMU target violated: 20.7ms (20.0ms/21.0ms)
[2021-04-11T22:54:24.971+0000][gc,phases    ] GC(0)   Pre Evacuate Collection Set: 0.0ms
[2021-04-11T22:54:24.971+0000][gc,phases    ] GC(0)   Evacuate Collection Set: 19.6ms
[2021-04-11T22:54:24.971+0000][gc,phases    ] GC(0)   Post Evacuate Collection Set: 0.9ms
[2021-04-11T22:54:24.971+0000][gc,phases    ] GC(0)   Other: 3.3ms
[2021-04-11T22:54:24.971+0000][gc,heap      ] GC(0) Eden regions: 25->0(21)
[2021-04-11T22:54:24.971+0000][gc,heap      ] GC(0) Survivor regions: 0->4(4)
[2021-04-11T22:54:24.971+0000][gc,heap      ] GC(0) Old regions: 2->4
[2021-04-11T22:54:24.971+0000][gc,heap      ] GC(0) Humongous regions: 0->0
[2021-04-11T22:54:24.971+0000][gc,metaspace ] GC(0) Metaspace: 7282K->7282K(1056768K)
[2021-04-11T22:54:24.971+0000][gc           ] GC(0) Pause Young (Normal) (G1 Evacuation Pause) 25M->5M(512M) 23.946ms
[2021-04-11T22:54:24.971+0000][gc,cpu       ] GC(0) User=0.20s Sys=0.00s Real=0.03s
