[2021-03-30T23:29:42.669+0000][gc,heap] Heap region size: 1M
[2021-03-30T23:29:42.741+0000][gc     ] Using G1
[2021-03-30T23:29:42.741+0000][gc,heap,coops] Heap address: 0x00000000e0000000, size: 512 MB, Compressed Oops mode: 32-bit
[2021-03-30T23:29:42.743+0000][gc,cds       ] Mark closed archive regions in map: [0x00000000fff00000, 0x00000000fff69ff8]
[2021-03-30T23:29:42.743+0000][gc,cds       ] Mark open archive regions in map: [0x00000000ffe00000, 0x00000000ffe46ff8]
[2021-04-05T11:31:42.947+0000][gc,start     ] GC(0) Pause Young (Normal) (G1 Evacuation Pause)
[2021-04-05T11:31:42.950+0000][gc,task      ] GC(0) Using 10 workers of 10 for evacuation
[2021-04-05T11:31:42.975+0000][gc,mmu       ] GC(0) MMU target violated: 21.0ms (20.0ms/21.0ms)
[2021-04-05T11:31:42.975+0000][gc,phases    ] GC(0)   Pre Evacuate Collection Set: 0.0ms
[2021-04-05T11:31:42.975+0000][gc,phases    ] GC(0)   Evacuate Collection Set: 23.7ms
[2021-04-05T11:31:42.975+0000][gc,phases    ] GC(0)   Post Evacuate Collection Set: 1.0ms
[2021-04-05T11:31:42.975+0000][gc,phases    ] GC(0)   Other: 3.5ms
[2021-04-05T11:31:42.975+0000][gc,heap      ] GC(0) Eden regions: 25->0(21)
[2021-04-05T11:31:42.975+0000][gc,heap      ] GC(0) Survivor regions: 0->4(4)
[2021-04-05T11:31:42.975+0000][gc,heap      ] GC(0) Old regions: 2->4
[2021-04-05T11:31:42.975+0000][gc,heap      ] GC(0) Humongous regions: 0->0
[2021-04-05T11:31:42.975+0000][gc,metaspace ] GC(0) Metaspace: 7287K->7287K(1056768K)
[2021-04-05T11:31:42.975+0000][gc           ] GC(0) Pause Young (Normal) (G1 Evacuation Pause) 25M->5M(512M) 28.283ms
[2021-04-05T11:31:42.975+0000][gc,cpu       ] GC(0) User=0.24s Sys=0.00s Real=0.03s
